08:42:53 **** Build of project cnn_bsp ****
make -k all 
libgen -hw ../mcu_sw/system.xml\
	       \
	       -pe mcu \
	       -log libgen.log \
	       system.mss
libgen
Xilinx EDK 14.5 Build EDK_P.58f
Copyright (c) 1995-2012 Xilinx, Inc.  All rights reserved.

Command Line: libgen -hw ../mcu_sw/system.xml -pe mcu -log libgen.log system.mss
 


Staging source files.
Running DRCs.
Running generate.
Running post_generate.
Running include - 'make -s include "COMPILER=mb-gcc" "ARCHIVER=mb-ar"
"COMPILER_FLAGS=-mlittle-endian -mxl-soft-mul -mno-xl-reorder -mcpu=v8.40.a  -O2
-c" "EXTRA_COMPILER_FLAGS=-g"'.

Running libs - 'make -s libs "COMPILER=mb-gcc" "ARCHIVER=mb-ar"
"COMPILER_FLAGS=-mlittle-endian -mxl-soft-mul -mno-xl-reorder -mcpu=v8.40.a  -O2
-c" "EXTRA_COMPILER_FLAGS=-g"'.
"Compiling common"
"Compiling standalone";
"Compiling bram"
"Compiling iomodule"
"Compiling cpu"
Running execs_generate.
'Finished building libraries'

**** Build of configuration Debug for project cnn_mcu ****

Nothing to build for project cnn_mcu
08:48:02 **** Build of configuration Debug for project mcu_project ****
make all 
'Building file: ../src/helloworld.c'
'Invoking: MicroBlaze gcc compiler'
mb-gcc -Wall -O0 -g3 -c -fmessage-length=0 -Wl,--no-relax -I../../cnn_bsp/mcu/include -mno-xl-reorder -mlittle-endian -mcpu=v8.40.a -mxl-soft-mul -MMD -MP -MF"src/helloworld.d" -MT"src/helloworld.d" -o "src/helloworld.o" "../src/helloworld.c"
'Finished building: ../src/helloworld.c'
' '
'Building file: ../src/platform.c'
'Invoking: MicroBlaze gcc compiler'
mb-gcc -Wall -O0 -g3 -c -fmessage-length=0 -Wl,--no-relax -I../../cnn_bsp/mcu/include -mno-xl-reorder -mlittle-endian -mcpu=v8.40.a -mxl-soft-mul -MMD -MP -MF"src/platform.d" -MT"src/platform.d" -o "src/platform.o" "../src/platform.c"
'Finished building: ../src/platform.c'
' '
'Building target: mcu_project.elf'
'Invoking: MicroBlaze gcc linker'
mb-gcc -Wl,--no-relax -Wl,-T -Wl,../src/lscript.ld -L../../cnn_bsp/mcu/lib -mlittle-endian -mcpu=v8.40.a -mxl-soft-mul -o "mcu_project.elf"  ./src/helloworld.o ./src/platform.o   -Wl,--start-group,-lxil,-lgcc,-lc,--end-group
'Finished building target: mcu_project.elf'
' '
'Invoking: MicroBlaze Print Size'
mb-size mcu_project.elf  |tee "mcu_project.elf.size"
   text	   data	    bss	    dec	    hex	filename
   2918	    360	   2088	   5366	   14f6	mcu_project.elf
'Finished building: mcu_project.elf.size'
' '
'Invoking: Xilinx ELF Check'
elfcheck mcu_project.elf -hw ../../mcu_sw/system.xml -pe mcu  |tee "mcu_project.elf.elfcheck"
elfcheck
Xilinx EDK 14.5 Build EDK_P.58f
Copyright (c) 1995-2012 Xilinx, Inc.  All rights reserved.

Command Line: elfcheck -hw ../../mcu_sw/system.xml -pe mcu mcu_project.elf 

ELF file	: mcu_project.elf
elfcheck passed.
'Finished building: mcu_project.elf.elfcheck'
' '
08:49:39 **** Incremental Build of configuration Debug for project mcu_project ****
make all 
make: `all' için hiçbir þey yapýlmadý.
08:49:49 **** Clean-only build of configuration Debug for project mcu_project ****
make clean 
rm -rf  ./src/helloworld.o ./src/platform.o  ./src/helloworld.d ./src/platform.d  mcu_project.elf.size  mcu_project.elf.elfcheck  mcu_project.elf
' '
08:49:49 **** Clean-only build of project cnn_bsp ****
make -k clean 
rm -rf mcu
08:49:50 **** Build of project cnn_bsp ****
make -k all 
libgen -hw ../mcu_sw/system.xml\
	       \
	       -pe mcu \
	       -log libgen.log \
	       system.mss
libgen
Xilinx EDK 14.5 Build EDK_P.58f
Copyright (c) 1995-2012 Xilinx, Inc.  All rights reserved.

Command Line: libgen -hw ../mcu_sw/system.xml -pe mcu -log libgen.log system.mss
 


Staging source files.
Running DRCs.
Running generate.
Running post_generate.
Running include - 'make -s include "COMPILER=mb-gcc" "ARCHIVER=mb-ar"
"COMPILER_FLAGS=-mlittle-endian -mxl-soft-mul -mno-xl-reorder -mcpu=v8.40.a  -O2
-c" "EXTRA_COMPILER_FLAGS=-g"'.

Running libs - 'make -s libs "COMPILER=mb-gcc" "ARCHIVER=mb-ar"
"COMPILER_FLAGS=-mlittle-endian -mxl-soft-mul -mno-xl-reorder -mcpu=v8.40.a  -O2
-c" "EXTRA_COMPILER_FLAGS=-g"'.
"Compiling common"
"Compiling standalone";
"Compiling bram"
"Compiling iomodule"
"Compiling cpu"
Running execs_generate.
'Finished building libraries'
08:49:55 **** Build of configuration Debug for project mcu_project ****
make all 
'Building file: ../src/helloworld.c'
'Invoking: MicroBlaze gcc compiler'
mb-gcc -Wall -O0 -g3 -c -fmessage-length=0 -Wl,--no-relax -I../../cnn_bsp/mcu/include -mno-xl-reorder -mlittle-endian -mcpu=v8.40.a -mxl-soft-mul -MMD -MP -MF"src/helloworld.d" -MT"src/helloworld.d" -o "src/helloworld.o" "../src/helloworld.c"
'Finished building: ../src/helloworld.c'
' '
'Building file: ../src/platform.c'
'Invoking: MicroBlaze gcc compiler'
mb-gcc -Wall -O0 -g3 -c -fmessage-length=0 -Wl,--no-relax -I../../cnn_bsp/mcu/include -mno-xl-reorder -mlittle-endian -mcpu=v8.40.a -mxl-soft-mul -MMD -MP -MF"src/platform.d" -MT"src/platform.d" -o "src/platform.o" "../src/platform.c"
'Finished building: ../src/platform.c'
' '
'Building target: mcu_project.elf'
'Invoking: MicroBlaze gcc linker'
mb-gcc -Wl,--no-relax -Wl,-T -Wl,../src/lscript.ld -L../../cnn_bsp/mcu/lib -mlittle-endian -mcpu=v8.40.a -mxl-soft-mul -o "mcu_project.elf"  ./src/helloworld.o ./src/platform.o   -Wl,--start-group,-lxil,-lgcc,-lc,--end-group
'Finished building target: mcu_project.elf'
' '
'Invoking: MicroBlaze Print Size'
mb-size mcu_project.elf  |tee "mcu_project.elf.size"
   text	   data	    bss	    dec	    hex	filename
   2918	    360	   2088	   5366	   14f6	mcu_project.elf
'Finished building: mcu_project.elf.size'
' '
'Invoking: Xilinx ELF Check'
elfcheck mcu_project.elf -hw ../../mcu_sw/system.xml -pe mcu  |tee "mcu_project.elf.elfcheck"
elfcheck
Xilinx EDK 14.5 Build EDK_P.58f
Copyright (c) 1995-2012 Xilinx, Inc.  All rights reserved.

Command Line: elfcheck -hw ../../mcu_sw/system.xml -pe mcu mcu_project.elf 

ELF file	: mcu_project.elf
elfcheck passed.
'Finished building: mcu_project.elf.elfcheck'
' '
08:49:59 **** Incremental Build of configuration Debug for project mcu_project ****
make all 
make: `all' için hiçbir þey yapýlmadý.
08:50:24 **** Auto Build of configuration Release for project mcu_project ****
make all 
'Building file: ../src/helloworld.c'
'Invoking: MicroBlaze gcc compiler'
mb-gcc -Wall -O3 -c -fmessage-length=0 -I../../cnn_bsp/mcu/include -mno-xl-reorder -mlittle-endian -mcpu=v8.40.a -mxl-soft-mul -MMD -MP -MF"src/helloworld.d" -MT"src/helloworld.d" -o "src/helloworld.o" "../src/helloworld.c"
'Finished building: ../src/helloworld.c'
' '
'Building file: ../src/platform.c'
'Invoking: MicroBlaze gcc compiler'
mb-gcc -Wall -O3 -c -fmessage-length=0 -I../../cnn_bsp/mcu/include -mno-xl-reorder -mlittle-endian -mcpu=v8.40.a -mxl-soft-mul -MMD -MP -MF"src/platform.d" -MT"src/platform.d" -o "src/platform.o" "../src/platform.c"
'Finished building: ../src/platform.c'
' '
'Building target: mcu_project.elf'
'Invoking: MicroBlaze gcc linker'
mb-gcc -Wl,-T -Wl,../src/lscript.ld -L../../cnn_bsp/mcu/lib -mlittle-endian -mcpu=v8.40.a -mxl-soft-mul -o "mcu_project.elf"  ./src/helloworld.o ./src/platform.o   -Wl,--start-group,-lxil,-lgcc,-lc,--end-group
'Finished building target: mcu_project.elf'
' '
'Invoking: MicroBlaze Print Size'
mb-size mcu_project.elf  |tee "mcu_project.elf.size"
   text	   data	    bss	    dec	    hex	filename
   2542	    360	   2090	   4992	   1380	mcu_project.elf
'Finished building: mcu_project.elf.size'
' '
'Invoking: Xilinx ELF Check'
elfcheck mcu_project.elf -hw ../../mcu_sw/system.xml -pe mcu  |tee "mcu_project.elf.elfcheck"
elfcheck
Xilinx EDK 14.5 Build EDK_P.58f
Copyright (c) 1995-2012 Xilinx, Inc.  All rights reserved.

Command Line: elfcheck -hw ../../mcu_sw/system.xml -pe mcu mcu_project.elf 

ELF file	: mcu_project.elf
elfcheck passed.
'Finished building: mcu_project.elf.elfcheck'
' '
09:24:06 **** Build of configuration Debug for project mcu_project ****
make all 
'Building file: ../src/helloworld.c'
'Invoking: MicroBlaze gcc compiler'
mb-gcc -Wall -O0 -g3 -c -fmessage-length=0 -Wl,--no-relax -I../../cnn_bsp/mcu/include -mno-xl-reorder -mlittle-endian -mcpu=v8.40.a -mxl-soft-mul -MMD -MP -MF"src/helloworld.d" -MT"src/helloworld.d" -o "src/helloworld.o" "../src/helloworld.c"
'Finished building: ../src/helloworld.c'
' '
'Building file: ../src/platform.c'
'Invoking: MicroBlaze gcc compiler'
mb-gcc -Wall -O0 -g3 -c -fmessage-length=0 -Wl,--no-relax -I../../cnn_bsp/mcu/include -mno-xl-reorder -mlittle-endian -mcpu=v8.40.a -mxl-soft-mul -MMD -MP -MF"src/platform.d" -MT"src/platform.d" -o "src/platform.o" "../src/platform.c"
'Finished building: ../src/platform.c'
' '
'Building target: mcu_project.elf'
'Invoking: MicroBlaze gcc linker'
mb-gcc -Wl,--no-relax -Wl,-T -Wl,../src/lscript.ld -L../../cnn_bsp/mcu/lib -mlittle-endian -mcpu=v8.40.a -mxl-soft-mul -o "mcu_project.elf"  ./src/helloworld.o ./src/platform.o   -Wl,--start-group,-lxil,-lgcc,-lc,--end-group
'Finished building target: mcu_project.elf'
' '
'Invoking: MicroBlaze Print Size'
mb-size mcu_project.elf  |tee "mcu_project.elf.size"
   text	   data	    bss	    dec	    hex	filename
   2918	    360	   2088	   5366	   14f6	mcu_project.elf
'Finished building: mcu_project.elf.size'
' '
'Invoking: Xilinx ELF Check'
elfcheck mcu_project.elf -hw ../../mcu_sw/system.xml -pe mcu  |tee "mcu_project.elf.elfcheck"
elfcheck
Xilinx EDK 14.5 Build EDK_P.58f
Copyright (c) 1995-2012 Xilinx, Inc.  All rights reserved.

Command Line: elfcheck -hw ../../mcu_sw/system.xml -pe mcu mcu_project.elf 

ELF file	: mcu_project.elf
elfcheck passed.
'Finished building: mcu_project.elf.elfcheck'
' '
09:24:51 **** Build of configuration Debug for project mcu_project ****
make all 
'Building file: ../src/testperiph.c'
'Invoking: MicroBlaze gcc compiler'
mb-gcc -Wall -O0 -g3 -c -fmessage-length=0 -Wl,--no-relax -I../../cnn_bsp/mcu/include -mno-xl-reorder -mlittle-endian -mcpu=v8.40.a -mxl-soft-mul -MMD -MP -MF"src/testperiph.d" -MT"src/testperiph.d" -o "src/testperiph.o" "../src/testperiph.c"
'Finished building: ../src/testperiph.c'
' '
'Building file: ../src/xiomodule_selftest_example.c'
'Invoking: MicroBlaze gcc compiler'
mb-gcc -Wall -O0 -g3 -c -fmessage-length=0 -Wl,--no-relax -I../../cnn_bsp/mcu/include -mno-xl-reorder -mlittle-endian -mcpu=v8.40.a -mxl-soft-mul -MMD -MP -MF"src/xiomodule_selftest_example.d" -MT"src/xiomodule_selftest_example.d" -o "src/xiomodule_selftest_example.o" "../src/xiomodule_selftest_example.c"
'Finished building: ../src/xiomodule_selftest_example.c'
' '
'Building target: mcu_project.elf'
'Invoking: MicroBlaze gcc linker'
mb-gcc -Wl,--no-relax -Wl,-T -Wl,../src/lscript.ld -L../../cnn_bsp/mcu/lib -mlittle-endian -mcpu=v8.40.a -mxl-soft-mul -o "mcu_project.elf"  ./src/testperiph.o ./src/xiomodule_selftest_example.o   -Wl,--start-group,-lxil,-lgcc,-lc,--end-group
'Finished building target: mcu_project.elf'
' '
'Invoking: MicroBlaze Print Size'
mb-size mcu_project.elf  |tee "mcu_project.elf.size"
   text	   data	    bss	    dec	    hex	filename
  11426	    364	   2274	  14064	   36f0	mcu_project.elf
'Finished building: mcu_project.elf.size'
' '
'Invoking: Xilinx ELF Check'
elfcheck mcu_project.elf -hw ../../mcu_sw/system.xml -pe mcu  |tee "mcu_project.elf.elfcheck"
elfcheck
Xilinx EDK 14.5 Build EDK_P.58f
Copyright (c) 1995-2012 Xilinx, Inc.  All rights reserved.

Command Line: elfcheck -hw ../../mcu_sw/system.xml -pe mcu mcu_project.elf 

ELF file	: mcu_project.elf
elfcheck passed.
'Finished building: mcu_project.elf.elfcheck'
' '

**** Build of configuration Debug for project mcu_project ****

Nothing to build for project mcu_project
09:26:01 **** Auto Build of configuration Debug for project mcu_project ****
make all 
'Building file: ../src/main.c'
'Invoking: MicroBlaze gcc compiler'
mb-gcc -Wall -O0 -g3 -c -fmessage-length=0 -Wl,--no-relax -I../../cnn_bsp/mcu/include -mno-xl-reorder -mlittle-endian -mcpu=v8.40.a -mxl-soft-mul -MMD -MP -MF"src/main.d" -MT"src/main.d" -o "src/main.o" "../src/main.c"
'Finished building: ../src/main.c'
' '
'Building target: mcu_project.elf'
'Invoking: MicroBlaze gcc linker'
mb-gcc -Wl,--no-relax -Wl,-T -Wl,../src/lscript.ld -L../../cnn_bsp/mcu/lib -mlittle-endian -mcpu=v8.40.a -mxl-soft-mul -o "mcu_project.elf"  ./src/main.o   -Wl,--start-group,-lxil,-lgcc,-lc,--end-group
c:/xilinx/14.5/ise_ds/edk/gnu/microblaze/nt64/bin/../lib/gcc/microblaze-xilinx-elf/4.6.2/../../../../microblaze-xilinx-elf/lib/le/crtinit.o: In function `_crtinit':
/gnu/mb_gnu/src/newlib/libgloss/microblaze/crtinit.S:69: undefined reference to `main'
collect2: ld returned 1 exit status
make: *** [mcu_project.elf] Hata 1
09:27:37 **** Build of configuration Debug for project uarttest ****
make all 
'Building file: ../src/helloworld.c'
'Invoking: MicroBlaze gcc compiler'
mb-gcc -Wall -O0 -g3 -c -fmessage-length=0 -Wl,--no-relax -I../../cnn_bsp/mcu/include -mno-xl-reorder -mlittle-endian -mcpu=v8.40.a -mxl-soft-mul -MMD -MP -MF"src/helloworld.d" -MT"src/helloworld.d" -o "src/helloworld.o" "../src/helloworld.c"
'Finished building: ../src/helloworld.c'
' '
'Building file: ../src/platform.c'
'Invoking: MicroBlaze gcc compiler'
mb-gcc -Wall -O0 -g3 -c -fmessage-length=0 -Wl,--no-relax -I../../cnn_bsp/mcu/include -mno-xl-reorder -mlittle-endian -mcpu=v8.40.a -mxl-soft-mul -MMD -MP -MF"src/platform.d" -MT"src/platform.d" -o "src/platform.o" "../src/platform.c"
'Finished building: ../src/platform.c'
' '
'Building target: uarttest.elf'
'Invoking: MicroBlaze gcc linker'
mb-gcc -Wl,--no-relax -Wl,-T -Wl,../src/lscript.ld -L../../cnn_bsp/mcu/lib -mlittle-endian -mcpu=v8.40.a -mxl-soft-mul -o "uarttest.elf"  ./src/helloworld.o ./src/platform.o   -Wl,--start-group,-lxil,-lgcc,-lc,--end-group
'Finished building target: uarttest.elf'
' '
'Invoking: MicroBlaze Print Size'
mb-size uarttest.elf  |tee "uarttest.elf.size"
   text	   data	    bss	    dec	    hex	filename
   2918	    360	   2088	   5366	   14f6	uarttest.elf
'Finished building: uarttest.elf.size'
' '
'Invoking: Xilinx ELF Check'
elfcheck uarttest.elf -hw ../../mcu_sw/system.xml -pe mcu  |tee "uarttest.elf.elfcheck"
elfcheck
Xilinx EDK 14.5 Build EDK_P.58f
Copyright (c) 1995-2012 Xilinx, Inc.  All rights reserved.

Command Line: elfcheck -hw ../../mcu_sw/system.xml -pe mcu uarttest.elf 

ELF file	: uarttest.elf
elfcheck passed.
'Finished building: uarttest.elf.elfcheck'
' '
09:30:18 **** Auto Build of configuration Debug for project uarttest ****
make all 
'Building file: ../src/helloworld.c'
'Invoking: MicroBlaze gcc compiler'
mb-gcc -Wall -O0 -g3 -c -fmessage-length=0 -Wl,--no-relax -I../../cnn_bsp/mcu/include -mno-xl-reorder -mlittle-endian -mcpu=v8.40.a -mxl-soft-mul -MMD -MP -MF"src/helloworld.d" -MT"src/helloworld.d" -o "src/helloworld.o" "../src/helloworld.c"
'Finished building: ../src/helloworld.c'
' '
'Building target: uarttest.elf'
'Invoking: MicroBlaze gcc linker'
mb-gcc -Wl,--no-relax -Wl,-T -Wl,../src/lscript.ld -L../../cnn_bsp/mcu/lib -mlittle-endian -mcpu=v8.40.a -mxl-soft-mul -o "uarttest.elf"  ./src/helloworld.o ./src/platform.o   -Wl,--start-group,-lxil,-lgcc,-lc,--end-group
'Finished building target: uarttest.elf'
' '
'Invoking: MicroBlaze Print Size'
mb-size uarttest.elf  |tee "uarttest.elf.size"
   text	   data	    bss	    dec	    hex	filename
   9402	    364	   2106	  11872	   2e60	uarttest.elf
'Finished building: uarttest.elf.size'
' '
'Invoking: Xilinx ELF Check'
elfcheck uarttest.elf -hw ../../mcu_sw/system.xml -pe mcu  |tee "uarttest.elf.elfcheck"
elfcheck
Xilinx EDK 14.5 Build EDK_P.58f
Copyright (c) 1995-2012 Xilinx, Inc.  All rights reserved.

Command Line: elfcheck -hw ../../mcu_sw/system.xml -pe mcu uarttest.elf 

ELF file	: uarttest.elf
elfcheck passed.
'Finished building: uarttest.elf.elfcheck'
' '
09:30:38 **** Auto Build of configuration Debug for project mcu_project ****
make all 
'Building file: ../src/main.c'
'Invoking: MicroBlaze gcc compiler'
mb-gcc -Wall -O0 -g3 -c -fmessage-length=0 -Wl,--no-relax -I../../cnn_bsp/mcu/include -mno-xl-reorder -mlittle-endian -mcpu=v8.40.a -mxl-soft-mul -MMD -MP -MF"src/main.d" -MT"src/main.d" -o "src/main.o" "../src/main.c"
../src/main.c:2:22: fatal error: platform.h: No such file or directory
compilation terminated.
make: *** [src/main.o] Hata 1
09:30:43 **** Auto Build of configuration Debug for project mcu_project ****
make all 
'Building file: ../src/main.c'
'Invoking: MicroBlaze gcc compiler'
mb-gcc -Wall -O0 -g3 -c -fmessage-length=0 -Wl,--no-relax -I../../cnn_bsp/mcu/include -mno-xl-reorder -mlittle-endian -mcpu=v8.40.a -mxl-soft-mul -MMD -MP -MF"src/main.d" -MT"src/main.d" -o "src/main.o" "../src/main.c"
../src/main.c: In function 'main':
../src/main.c:7:2: warning: implicit declaration of function 'init_platform' [-Wimplicit-function-declaration]
../src/main.c:21:2: warning: implicit declaration of function 'cleanup_platform' [-Wimplicit-function-declaration]
'Finished building: ../src/main.c'
' '
'Building target: mcu_project.elf'
'Invoking: MicroBlaze gcc linker'
mb-gcc -Wl,--no-relax -Wl,-T -Wl,../src/lscript.ld -L../../cnn_bsp/mcu/lib -mlittle-endian -mcpu=v8.40.a -mxl-soft-mul -o "mcu_project.elf"  ./src/main.o   -Wl,--start-group,-lxil,-lgcc,-lc,--end-group
./src/main.o: In function `main':
D:\Egitim\ELEYLT-TezCalismasi\Work\v0_5\ISE\source\software\mcu_project\Debug/../src/main.c:7: undefined reference to `init_platform'
collect2: ld returned 1 exit status
make: *** [mcu_project.elf] Hata 1
09:30:49 **** Auto Build of configuration Debug for project mcu_project ****
make all 
'Building file: ../src/main.c'
'Invoking: MicroBlaze gcc compiler'
mb-gcc -Wall -O0 -g3 -c -fmessage-length=0 -Wl,--no-relax -I../../cnn_bsp/mcu/include -mno-xl-reorder -mlittle-endian -mcpu=v8.40.a -mxl-soft-mul -MMD -MP -MF"src/main.d" -MT"src/main.d" -o "src/main.o" "../src/main.c"
../src/main.c:2:22: fatal error: platform.h: No such file or directory
compilation terminated.
make: *** [src/main.o] Hata 1
09:31:19 **** Auto Build of configuration Debug for project mcu_project ****
make all 
'Building file: ../src/main.c'
'Invoking: MicroBlaze gcc compiler'
mb-gcc -Wall -O0 -g3 -c -fmessage-length=0 -Wl,--no-relax -I../../cnn_bsp/mcu/include -mno-xl-reorder -mlittle-endian -mcpu=v8.40.a -mxl-soft-mul -MMD -MP -MF"src/main.d" -MT"src/main.d" -o "src/main.o" "../src/main.c"
'Finished building: ../src/main.c'
' '
'Building file: ../src/platform.c'
'Invoking: MicroBlaze gcc compiler'
mb-gcc -Wall -O0 -g3 -c -fmessage-length=0 -Wl,--no-relax -I../../cnn_bsp/mcu/include -mno-xl-reorder -mlittle-endian -mcpu=v8.40.a -mxl-soft-mul -MMD -MP -MF"src/platform.d" -MT"src/platform.d" -o "src/platform.o" "../src/platform.c"
'Finished building: ../src/platform.c'
' '
'Building target: mcu_project.elf'
'Invoking: MicroBlaze gcc linker'
mb-gcc -Wl,--no-relax -Wl,-T -Wl,../src/lscript.ld -L../../cnn_bsp/mcu/lib -mlittle-endian -mcpu=v8.40.a -mxl-soft-mul -o "mcu_project.elf"  ./src/main.o ./src/platform.o   -Wl,--start-group,-lxil,-lgcc,-lc,--end-group
'Finished building target: mcu_project.elf'
' '
'Invoking: MicroBlaze Print Size'
mb-size mcu_project.elf  |tee "mcu_project.elf.size"
   text	   data	    bss	    dec	    hex	filename
   9402	    364	   2106	  11872	   2e60	mcu_project.elf
'Finished building: mcu_project.elf.size'
' '
'Invoking: Xilinx ELF Check'
elfcheck mcu_project.elf -hw ../../mcu_sw/system.xml -pe mcu  |tee "mcu_project.elf.elfcheck"
elfcheck
Xilinx EDK 14.5 Build EDK_P.58f
Copyright (c) 1995-2012 Xilinx, Inc.  All rights reserved.

Command Line: elfcheck -hw ../../mcu_sw/system.xml -pe mcu mcu_project.elf 

ELF file	: mcu_project.elf
elfcheck passed.
'Finished building: mcu_project.elf.elfcheck'
' '
09:32:19 **** Auto Build of configuration Debug for project mcu_project ****
make all 
'Building file: ../src/main.c'
'Invoking: MicroBlaze gcc compiler'
mb-gcc -Wall -O0 -g3 -c -fmessage-length=0 -Wl,--no-relax -I../../cnn_bsp/mcu/include -mno-xl-reorder -mlittle-endian -mcpu=v8.40.a -mxl-soft-mul -MMD -MP -MF"src/main.d" -MT"src/main.d" -o "src/main.o" "../src/main.c"
../src/main.c: In function 'main':
../src/main.c:12:12: warning: unused variable 'bram_data_out' [-Wunused-variable]
../src/main.c:11:12: warning: unused variable 'bram_data_in' [-Wunused-variable]
../src/main.c:10:12: warning: unused variable 'bram_address' [-Wunused-variable]
'Finished building: ../src/main.c'
' '
'Building target: mcu_project.elf'
'Invoking: MicroBlaze gcc linker'
mb-gcc -Wl,--no-relax -Wl,-T -Wl,../src/lscript.ld -L../../cnn_bsp/mcu/lib -mlittle-endian -mcpu=v8.40.a -mxl-soft-mul -o "mcu_project.elf"  ./src/main.o ./src/platform.o   -Wl,--start-group,-lxil,-lgcc,-lc,--end-group
'Finished building target: mcu_project.elf'
' '
'Invoking: MicroBlaze Print Size'
mb-size mcu_project.elf  |tee "mcu_project.elf.size"
   text	   data	    bss	    dec	    hex	filename
   9402	    364	   2106	  11872	   2e60	mcu_project.elf
'Finished building: mcu_project.elf.size'
' '
'Invoking: Xilinx ELF Check'
elfcheck mcu_project.elf -hw ../../mcu_sw/system.xml -pe mcu  |tee "mcu_project.elf.elfcheck"
elfcheck
Xilinx EDK 14.5 Build EDK_P.58f
Copyright (c) 1995-2012 Xilinx, Inc.  All rights reserved.

Command Line: elfcheck -hw ../../mcu_sw/system.xml -pe mcu mcu_project.elf 

ELF file	: mcu_project.elf
elfcheck passed.
'Finished building: mcu_project.elf.elfcheck'
' '
09:34:18 **** Auto Build of configuration Debug for project mcu_project ****
make all 
'Building file: ../src/main.c'
'Invoking: MicroBlaze gcc compiler'
mb-gcc -Wall -O0 -g3 -c -fmessage-length=0 -Wl,--no-relax -I../../cnn_bsp/mcu/include -mno-xl-reorder -mlittle-endian -mcpu=v8.40.a -mxl-soft-mul -MMD -MP -MF"src/main.d" -MT"src/main.d" -o "src/main.o" "../src/main.c"
../src/main.c: In function 'main':
../src/main.c:15:6: warning: unused variable 'bram_data_out' [-Wunused-variable]
../src/main.c:14:6: warning: unused variable 'bram_data_in' [-Wunused-variable]
../src/main.c:13:6: warning: variable 'bram_address' set but not used [-Wunused-but-set-variable]
../src/main.c:12:12: warning: unused variable 'bram_data_out_i' [-Wunused-variable]
../src/main.c:11:12: warning: unused variable 'bram_data_in_o' [-Wunused-variable]
'Finished building: ../src/main.c'
' '
'Building target: mcu_project.elf'
'Invoking: MicroBlaze gcc linker'
mb-gcc -Wl,--no-relax -Wl,-T -Wl,../src/lscript.ld -L../../cnn_bsp/mcu/lib -mlittle-endian -mcpu=v8.40.a -mxl-soft-mul -o "mcu_project.elf"  ./src/main.o ./src/platform.o   -Wl,--start-group,-lxil,-lgcc,-lc,--end-group
'Finished building target: mcu_project.elf'
' '
'Invoking: MicroBlaze Print Size'
mb-size mcu_project.elf  |tee "mcu_project.elf.size"
   text	   data	    bss	    dec	    hex	filename
   9430	    364	   2096	  11890	   2e72	mcu_project.elf
'Finished building: mcu_project.elf.size'
' '
'Invoking: Xilinx ELF Check'
elfcheck mcu_project.elf -hw ../../mcu_sw/system.xml -pe mcu  |tee "mcu_project.elf.elfcheck"
elfcheck
Xilinx EDK 14.5 Build EDK_P.58f
Copyright (c) 1995-2012 Xilinx, Inc.  All rights reserved.

Command Line: elfcheck -hw ../../mcu_sw/system.xml -pe mcu mcu_project.elf 

ELF file	: mcu_project.elf
elfcheck passed.
'Finished building: mcu_project.elf.elfcheck'
' '
09:34:45 **** Auto Build of configuration Debug for project mcu_project ****
make all 
'Building file: ../src/main.c'
'Invoking: MicroBlaze gcc compiler'
mb-gcc -Wall -O0 -g3 -c -fmessage-length=0 -Wl,--no-relax -I../../cnn_bsp/mcu/include -mno-xl-reorder -mlittle-endian -mcpu=v8.40.a -mxl-soft-mul -MMD -MP -MF"src/main.d" -MT"src/main.d" -o "src/main.o" "../src/main.c"
../src/main.c: In function 'main':
../src/main.c:15:6: warning: unused variable 'bram_data_out' [-Wunused-variable]
../src/main.c:14:6: warning: unused variable 'bram_data_in' [-Wunused-variable]
../src/main.c:13:6: warning: unused variable 'bram_address' [-Wunused-variable]
'Finished building: ../src/main.c'
' '
'Building target: mcu_project.elf'
'Invoking: MicroBlaze gcc linker'
mb-gcc -Wl,--no-relax -Wl,-T -Wl,../src/lscript.ld -L../../cnn_bsp/mcu/lib -mlittle-endian -mcpu=v8.40.a -mxl-soft-mul -o "mcu_project.elf"  ./src/main.o ./src/platform.o   -Wl,--start-group,-lxil,-lgcc,-lc,--end-group
'Finished building target: mcu_project.elf'
' '
'Invoking: MicroBlaze Print Size'
mb-size mcu_project.elf  |tee "mcu_project.elf.size"
   text	   data	    bss	    dec	    hex	filename
   9486	    364	   2096	  11946	   2eaa	mcu_project.elf
'Finished building: mcu_project.elf.size'
' '
'Invoking: Xilinx ELF Check'
elfcheck mcu_project.elf -hw ../../mcu_sw/system.xml -pe mcu  |tee "mcu_project.elf.elfcheck"
elfcheck
Xilinx EDK 14.5 Build EDK_P.58f
Copyright (c) 1995-2012 Xilinx, Inc.  All rights reserved.

Command Line: elfcheck -hw ../../mcu_sw/system.xml -pe mcu mcu_project.elf 

ELF file	: mcu_project.elf
elfcheck passed.
'Finished building: mcu_project.elf.elfcheck'
' '
09:35:12 **** Auto Build of configuration Debug for project mcu_project ****
make all 
'Building file: ../src/main.c'
'Invoking: MicroBlaze gcc compiler'
mb-gcc -Wall -O0 -g3 -c -fmessage-length=0 -Wl,--no-relax -I../../cnn_bsp/mcu/include -mno-xl-reorder -mlittle-endian -mcpu=v8.40.a -mxl-soft-mul -MMD -MP -MF"src/main.d" -MT"src/main.d" -o "src/main.o" "../src/main.c"
../src/main.c: In function 'main':
../src/main.c:15:6: warning: unused variable 'bram_data_out' [-Wunused-variable]
../src/main.c:14:6: warning: unused variable 'bram_data_in' [-Wunused-variable]
../src/main.c:13:6: warning: unused variable 'bram_address' [-Wunused-variable]
'Finished building: ../src/main.c'
' '
'Building target: mcu_project.elf'
'Invoking: MicroBlaze gcc linker'
mb-gcc -Wl,--no-relax -Wl,-T -Wl,../src/lscript.ld -L../../cnn_bsp/mcu/lib -mlittle-endian -mcpu=v8.40.a -mxl-soft-mul -o "mcu_project.elf"  ./src/main.o ./src/platform.o   -Wl,--start-group,-lxil,-lgcc,-lc,--end-group
'Finished building target: mcu_project.elf'
' '
'Invoking: MicroBlaze Print Size'
mb-size mcu_project.elf  |tee "mcu_project.elf.size"
   text	   data	    bss	    dec	    hex	filename
   9486	    364	   2096	  11946	   2eaa	mcu_project.elf
'Finished building: mcu_project.elf.size'
' '
'Invoking: Xilinx ELF Check'
elfcheck mcu_project.elf -hw ../../mcu_sw/system.xml -pe mcu  |tee "mcu_project.elf.elfcheck"
elfcheck
Xilinx EDK 14.5 Build EDK_P.58f
Copyright (c) 1995-2012 Xilinx, Inc.  All rights reserved.

Command Line: elfcheck -hw ../../mcu_sw/system.xml -pe mcu mcu_project.elf 

ELF file	: mcu_project.elf
elfcheck passed.
'Finished building: mcu_project.elf.elfcheck'
' '
09:35:49 **** Auto Build of configuration Debug for project mcu_project ****
make all 
'Building file: ../src/main.c'
'Invoking: MicroBlaze gcc compiler'
mb-gcc -Wall -O0 -g3 -c -fmessage-length=0 -Wl,--no-relax -I../../cnn_bsp/mcu/include -mno-xl-reorder -mlittle-endian -mcpu=v8.40.a -mxl-soft-mul -MMD -MP -MF"src/main.d" -MT"src/main.d" -o "src/main.o" "../src/main.c"
../src/main.c: In function 'main':
../src/main.c:17:6: warning: unused variable 'bram_data_out' [-Wunused-variable]
../src/main.c:15:6: warning: variable 'bram_data_in' set but not used [-Wunused-but-set-variable]
../src/main.c:13:6: warning: variable 'bram_address' set but not used [-Wunused-but-set-variable]
'Finished building: ../src/main.c'
' '
'Building target: mcu_project.elf'
'Invoking: MicroBlaze gcc linker'
mb-gcc -Wl,--no-relax -Wl,-T -Wl,../src/lscript.ld -L../../cnn_bsp/mcu/lib -mlittle-endian -mcpu=v8.40.a -mxl-soft-mul -o "mcu_project.elf"  ./src/main.o ./src/platform.o   -Wl,--start-group,-lxil,-lgcc,-lc,--end-group
'Finished building target: mcu_project.elf'
' '
'Invoking: MicroBlaze Print Size'
mb-size mcu_project.elf  |tee "mcu_project.elf.size"
   text	   data	    bss	    dec	    hex	filename
   9558	    364	   2096	  12018	   2ef2	mcu_project.elf
'Finished building: mcu_project.elf.size'
' '
'Invoking: Xilinx ELF Check'
elfcheck mcu_project.elf -hw ../../mcu_sw/system.xml -pe mcu  |tee "mcu_project.elf.elfcheck"
elfcheck
Xilinx EDK 14.5 Build EDK_P.58f
Copyright (c) 1995-2012 Xilinx, Inc.  All rights reserved.

Command Line: elfcheck -hw ../../mcu_sw/system.xml -pe mcu mcu_project.elf 

ELF file	: mcu_project.elf
elfcheck passed.
'Finished building: mcu_project.elf.elfcheck'
' '
09:35:55 **** Auto Build of configuration Debug for project mcu_project ****
make all 
'Building file: ../src/main.c'
'Invoking: MicroBlaze gcc compiler'
mb-gcc -Wall -O0 -g3 -c -fmessage-length=0 -Wl,--no-relax -I../../cnn_bsp/mcu/include -mno-xl-reorder -mlittle-endian -mcpu=v8.40.a -mxl-soft-mul -MMD -MP -MF"src/main.d" -MT"src/main.d" -o "src/main.o" "../src/main.c"
../src/main.c: In function 'main':
../src/main.c:17:6: warning: variable 'bram_data_out' set but not used [-Wunused-but-set-variable]
../src/main.c:15:6: warning: variable 'bram_data_in' set but not used [-Wunused-but-set-variable]
../src/main.c:13:6: warning: variable 'bram_address' set but not used [-Wunused-but-set-variable]
'Finished building: ../src/main.c'
' '
'Building target: mcu_project.elf'
'Invoking: MicroBlaze gcc linker'
mb-gcc -Wl,--no-relax -Wl,-T -Wl,../src/lscript.ld -L../../cnn_bsp/mcu/lib -mlittle-endian -mcpu=v8.40.a -mxl-soft-mul -o "mcu_project.elf"  ./src/main.o ./src/platform.o   -Wl,--start-group,-lxil,-lgcc,-lc,--end-group
'Finished building target: mcu_project.elf'
' '
'Invoking: MicroBlaze Print Size'
mb-size mcu_project.elf  |tee "mcu_project.elf.size"
   text	   data	    bss	    dec	    hex	filename
   9558	    364	   2096	  12018	   2ef2	mcu_project.elf
'Finished building: mcu_project.elf.size'
' '
'Invoking: Xilinx ELF Check'
elfcheck mcu_project.elf -hw ../../mcu_sw/system.xml -pe mcu  |tee "mcu_project.elf.elfcheck"
elfcheck
Xilinx EDK 14.5 Build EDK_P.58f
Copyright (c) 1995-2012 Xilinx, Inc.  All rights reserved.

Command Line: elfcheck -hw ../../mcu_sw/system.xml -pe mcu mcu_project.elf 

ELF file	: mcu_project.elf
elfcheck passed.
'Finished building: mcu_project.elf.elfcheck'
' '
09:36:19 **** Auto Build of configuration Debug for project mcu_project ****
make all 
'Building file: ../src/main.c'
'Invoking: MicroBlaze gcc compiler'
mb-gcc -Wall -O0 -g3 -c -fmessage-length=0 -Wl,--no-relax -I../../cnn_bsp/mcu/include -mno-xl-reorder -mlittle-endian -mcpu=v8.40.a -mxl-soft-mul -MMD -MP -MF"src/main.d" -MT"src/main.d" -o "src/main.o" "../src/main.c"
../src/main.c: In function 'main':
../src/main.c:17:6: warning: variable 'bram_data_out' set but not used [-Wunused-but-set-variable]
../src/main.c:15:6: warning: variable 'bram_data_in' set but not used [-Wunused-but-set-variable]
../src/main.c:13:6: warning: variable 'bram_address' set but not used [-Wunused-but-set-variable]
'Finished building: ../src/main.c'
' '
'Building target: mcu_project.elf'
'Invoking: MicroBlaze gcc linker'
mb-gcc -Wl,--no-relax -Wl,-T -Wl,../src/lscript.ld -L../../cnn_bsp/mcu/lib -mlittle-endian -mcpu=v8.40.a -mxl-soft-mul -o "mcu_project.elf"  ./src/main.o ./src/platform.o   -Wl,--start-group,-lxil,-lgcc,-lc,--end-group
'Finished building target: mcu_project.elf'
' '
'Invoking: MicroBlaze Print Size'
mb-size mcu_project.elf  |tee "mcu_project.elf.size"
   text	   data	    bss	    dec	    hex	filename
   9558	    364	   2096	  12018	   2ef2	mcu_project.elf
'Finished building: mcu_project.elf.size'
' '
'Invoking: Xilinx ELF Check'
elfcheck mcu_project.elf -hw ../../mcu_sw/system.xml -pe mcu  |tee "mcu_project.elf.elfcheck"
elfcheck
Xilinx EDK 14.5 Build EDK_P.58f
Copyright (c) 1995-2012 Xilinx, Inc.  All rights reserved.

Command Line: elfcheck -hw ../../mcu_sw/system.xml -pe mcu mcu_project.elf 

ELF file	: mcu_project.elf
elfcheck passed.
'Finished building: mcu_project.elf.elfcheck'
' '
09:36:49 **** Auto Build of configuration Debug for project mcu_project ****
make all 
'Building file: ../src/main.c'
'Invoking: MicroBlaze gcc compiler'
mb-gcc -Wall -O0 -g3 -c -fmessage-length=0 -Wl,--no-relax -I../../cnn_bsp/mcu/include -mno-xl-reorder -mlittle-endian -mcpu=v8.40.a -mxl-soft-mul -MMD -MP -MF"src/main.d" -MT"src/main.d" -o "src/main.o" "../src/main.c"
../src/main.c: In function 'main':
../src/main.c:19:6: warning: variable 'bram_data_out' set but not used [-Wunused-but-set-variable]
../src/main.c:16:6: warning: variable 'bram_data_in' set but not used [-Wunused-but-set-variable]
../src/main.c:13:6: warning: variable 'bram_address' set but not used [-Wunused-but-set-variable]
'Finished building: ../src/main.c'
' '
'Building target: mcu_project.elf'
'Invoking: MicroBlaze gcc linker'
mb-gcc -Wl,--no-relax -Wl,-T -Wl,../src/lscript.ld -L../../cnn_bsp/mcu/lib -mlittle-endian -mcpu=v8.40.a -mxl-soft-mul -o "mcu_project.elf"  ./src/main.o ./src/platform.o   -Wl,--start-group,-lxil,-lgcc,-lc,--end-group
'Finished building target: mcu_project.elf'
' '
'Invoking: MicroBlaze Print Size'
mb-size mcu_project.elf  |tee "mcu_project.elf.size"
   text	   data	    bss	    dec	    hex	filename
   9558	    364	   2096	  12018	   2ef2	mcu_project.elf
'Finished building: mcu_project.elf.size'
' '
'Invoking: Xilinx ELF Check'
elfcheck mcu_project.elf -hw ../../mcu_sw/system.xml -pe mcu  |tee "mcu_project.elf.elfcheck"
elfcheck
Xilinx EDK 14.5 Build EDK_P.58f
Copyright (c) 1995-2012 Xilinx, Inc.  All rights reserved.

Command Line: elfcheck -hw ../../mcu_sw/system.xml -pe mcu mcu_project.elf 

ELF file	: mcu_project.elf
elfcheck passed.
'Finished building: mcu_project.elf.elfcheck'
' '
09:37:28 **** Auto Build of configuration Debug for project mcu_project ****
make all 
'Building file: ../src/main.c'
'Invoking: MicroBlaze gcc compiler'
mb-gcc -Wall -O0 -g3 -c -fmessage-length=0 -Wl,--no-relax -I../../cnn_bsp/mcu/include -mno-xl-reorder -mlittle-endian -mcpu=v8.40.a -mxl-soft-mul -MMD -MP -MF"src/main.d" -MT"src/main.d" -o "src/main.o" "../src/main.c"
../src/main.c: In function 'main':
../src/main.c:19:6: warning: variable 'bram_data_out' set but not used [-Wunused-but-set-variable]
../src/main.c:16:6: warning: variable 'bram_data_in' set but not used [-Wunused-but-set-variable]
../src/main.c:13:6: warning: variable 'bram_address' set but not used [-Wunused-but-set-variable]
'Finished building: ../src/main.c'
' '
'Building target: mcu_project.elf'
'Invoking: MicroBlaze gcc linker'
mb-gcc -Wl,--no-relax -Wl,-T -Wl,../src/lscript.ld -L../../cnn_bsp/mcu/lib -mlittle-endian -mcpu=v8.40.a -mxl-soft-mul -o "mcu_project.elf"  ./src/main.o ./src/platform.o   -Wl,--start-group,-lxil,-lgcc,-lc,--end-group
'Finished building target: mcu_project.elf'
' '
'Invoking: MicroBlaze Print Size'
mb-size mcu_project.elf  |tee "mcu_project.elf.size"
   text	   data	    bss	    dec	    hex	filename
   9558	    364	   2096	  12018	   2ef2	mcu_project.elf
'Finished building: mcu_project.elf.size'
' '
'Invoking: Xilinx ELF Check'
elfcheck mcu_project.elf -hw ../../mcu_sw/system.xml -pe mcu  |tee "mcu_project.elf.elfcheck"
elfcheck
Xilinx EDK 14.5 Build EDK_P.58f
Copyright (c) 1995-2012 Xilinx, Inc.  All rights reserved.

Command Line: elfcheck -hw ../../mcu_sw/system.xml -pe mcu mcu_project.elf 

ELF file	: mcu_project.elf
elfcheck passed.
'Finished building: mcu_project.elf.elfcheck'
' '
09:38:41 **** Auto Build of configuration Debug for project mcu_project ****
make all 
'Building file: ../src/main.c'
'Invoking: MicroBlaze gcc compiler'
mb-gcc -Wall -O0 -g3 -c -fmessage-length=0 -Wl,--no-relax -I../../cnn_bsp/mcu/include -mno-xl-reorder -mlittle-endian -mcpu=v8.40.a -mxl-soft-mul -MMD -MP -MF"src/main.d" -MT"src/main.d" -o "src/main.o" "../src/main.c"
../src/main.c: In function 'main':
../src/main.c:20:6: warning: variable 'bram_data_out' set but not used [-Wunused-but-set-variable]
../src/main.c:17:6: warning: variable 'bram_data_in' set but not used [-Wunused-but-set-variable]
../src/main.c:14:6: warning: variable 'bram_address' set but not used [-Wunused-but-set-variable]
../src/main.c:10:12: warning: unused variable 'bram_we' [-Wunused-variable]
'Finished building: ../src/main.c'
' '
'Building target: mcu_project.elf'
'Invoking: MicroBlaze gcc linker'
mb-gcc -Wl,--no-relax -Wl,-T -Wl,../src/lscript.ld -L../../cnn_bsp/mcu/lib -mlittle-endian -mcpu=v8.40.a -mxl-soft-mul -o "mcu_project.elf"  ./src/main.o ./src/platform.o   -Wl,--start-group,-lxil,-lgcc,-lc,--end-group
'Finished building target: mcu_project.elf'
' '
'Invoking: MicroBlaze Print Size'
mb-size mcu_project.elf  |tee "mcu_project.elf.size"
   text	   data	    bss	    dec	    hex	filename
   9558	    364	   2096	  12018	   2ef2	mcu_project.elf
'Finished building: mcu_project.elf.size'
' '
'Invoking: Xilinx ELF Check'
elfcheck mcu_project.elf -hw ../../mcu_sw/system.xml -pe mcu  |tee "mcu_project.elf.elfcheck"
elfcheck
Xilinx EDK 14.5 Build EDK_P.58f
Copyright (c) 1995-2012 Xilinx, Inc.  All rights reserved.

Command Line: elfcheck -hw ../../mcu_sw/system.xml -pe mcu mcu_project.elf 

ELF file	: mcu_project.elf
elfcheck passed.
'Finished building: mcu_project.elf.elfcheck'
' '
09:40:18 **** Auto Build of configuration Debug for project mcu_project ****
make all 
'Building file: ../src/main.c'
'Invoking: MicroBlaze gcc compiler'
mb-gcc -Wall -O0 -g3 -c -fmessage-length=0 -Wl,--no-relax -I../../cnn_bsp/mcu/include -mno-xl-reorder -mlittle-endian -mcpu=v8.40.a -mxl-soft-mul -MMD -MP -MF"src/main.d" -MT"src/main.d" -o "src/main.o" "../src/main.c"
../src/main.c: In function 'main':
../src/main.c:23:6: warning: variable 'bram_data_out' set but not used [-Wunused-but-set-variable]
../src/main.c:20:6: warning: variable 'bram_data_in' set but not used [-Wunused-but-set-variable]
../src/main.c:17:6: warning: variable 'bram_address' set but not used [-Wunused-but-set-variable]
../src/main.c:14:6: warning: variable 'bram_we' set but not used [-Wunused-but-set-variable]
'Finished building: ../src/main.c'
' '
'Building target: mcu_project.elf'
'Invoking: MicroBlaze gcc linker'
mb-gcc -Wl,--no-relax -Wl,-T -Wl,../src/lscript.ld -L../../cnn_bsp/mcu/lib -mlittle-endian -mcpu=v8.40.a -mxl-soft-mul -o "mcu_project.elf"  ./src/main.o ./src/platform.o   -Wl,--start-group,-lxil,-lgcc,-lc,--end-group
'Finished building target: mcu_project.elf'
' '
'Invoking: MicroBlaze Print Size'
mb-size mcu_project.elf  |tee "mcu_project.elf.size"
   text	   data	    bss	    dec	    hex	filename
   9610	    364	   2106	  12080	   2f30	mcu_project.elf
'Finished building: mcu_project.elf.size'
' '
'Invoking: Xilinx ELF Check'
elfcheck mcu_project.elf -hw ../../mcu_sw/system.xml -pe mcu  |tee "mcu_project.elf.elfcheck"
elfcheck
Xilinx EDK 14.5 Build EDK_P.58f
Copyright (c) 1995-2012 Xilinx, Inc.  All rights reserved.

Command Line: elfcheck -hw ../../mcu_sw/system.xml -pe mcu mcu_project.elf 

ELF file	: mcu_project.elf
elfcheck passed.
'Finished building: mcu_project.elf.elfcheck'
' '
09:40:39 **** Auto Build of configuration Debug for project mcu_project ****
make all 
'Building file: ../src/main.c'
'Invoking: MicroBlaze gcc compiler'
mb-gcc -Wall -O0 -g3 -c -fmessage-length=0 -Wl,--no-relax -I../../cnn_bsp/mcu/include -mno-xl-reorder -mlittle-endian -mcpu=v8.40.a -mxl-soft-mul -MMD -MP -MF"src/main.d" -MT"src/main.d" -o "src/main.o" "../src/main.c"
../src/main.c: In function 'main':
../src/main.c:23:6: warning: variable 'bram_data_out' set but not used [-Wunused-but-set-variable]
../src/main.c:20:6: warning: variable 'bram_data_in' set but not used [-Wunused-but-set-variable]
../src/main.c:17:6: warning: variable 'bram_address' set but not used [-Wunused-but-set-variable]
../src/main.c:14:6: warning: variable 'bram_we' set but not used [-Wunused-but-set-variable]
'Finished building: ../src/main.c'
' '
'Building target: mcu_project.elf'
'Invoking: MicroBlaze gcc linker'
mb-gcc -Wl,--no-relax -Wl,-T -Wl,../src/lscript.ld -L../../cnn_bsp/mcu/lib -mlittle-endian -mcpu=v8.40.a -mxl-soft-mul -o "mcu_project.elf"  ./src/main.o ./src/platform.o   -Wl,--start-group,-lxil,-lgcc,-lc,--end-group
'Finished building target: mcu_project.elf'
' '
'Invoking: MicroBlaze Print Size'
mb-size mcu_project.elf  |tee "mcu_project.elf.size"
   text	   data	    bss	    dec	    hex	filename
   9610	    364	   2106	  12080	   2f30	mcu_project.elf
'Finished building: mcu_project.elf.size'
' '
'Invoking: Xilinx ELF Check'
elfcheck mcu_project.elf -hw ../../mcu_sw/system.xml -pe mcu  |tee "mcu_project.elf.elfcheck"
elfcheck
Xilinx EDK 14.5 Build EDK_P.58f
Copyright (c) 1995-2012 Xilinx, Inc.  All rights reserved.

Command Line: elfcheck -hw ../../mcu_sw/system.xml -pe mcu mcu_project.elf 

ELF file	: mcu_project.elf
elfcheck passed.
'Finished building: mcu_project.elf.elfcheck'
' '
09:40:50 **** Auto Build of configuration Debug for project mcu_project ****
make all 
'Building file: ../src/main.c'
'Invoking: MicroBlaze gcc compiler'
mb-gcc -Wall -O0 -g3 -c -fmessage-length=0 -Wl,--no-relax -I../../cnn_bsp/mcu/include -mno-xl-reorder -mlittle-endian -mcpu=v8.40.a -mxl-soft-mul -MMD -MP -MF"src/main.d" -MT"src/main.d" -o "src/main.o" "../src/main.c"
../src/main.c: In function 'main':
../src/main.c:23:6: warning: variable 'bram_data_out' set but not used [-Wunused-but-set-variable]
../src/main.c:20:6: warning: variable 'bram_data_in' set but not used [-Wunused-but-set-variable]
../src/main.c:17:6: warning: variable 'bram_address' set but not used [-Wunused-but-set-variable]
../src/main.c:14:6: warning: variable 'bram_we' set but not used [-Wunused-but-set-variable]
'Finished building: ../src/main.c'
' '
'Building target: mcu_project.elf'
'Invoking: MicroBlaze gcc linker'
mb-gcc -Wl,--no-relax -Wl,-T -Wl,../src/lscript.ld -L../../cnn_bsp/mcu/lib -mlittle-endian -mcpu=v8.40.a -mxl-soft-mul -o "mcu_project.elf"  ./src/main.o ./src/platform.o   -Wl,--start-group,-lxil,-lgcc,-lc,--end-group
'Finished building target: mcu_project.elf'
' '
'Invoking: MicroBlaze Print Size'
mb-size mcu_project.elf  |tee "mcu_project.elf.size"
   text	   data	    bss	    dec	    hex	filename
   9078	    364	   2096	  11538	   2d12	mcu_project.elf
'Finished building: mcu_project.elf.size'
' '
'Invoking: Xilinx ELF Check'
elfcheck mcu_project.elf -hw ../../mcu_sw/system.xml -pe mcu  |tee "mcu_project.elf.elfcheck"
elfcheck
Xilinx EDK 14.5 Build EDK_P.58f
Copyright (c) 1995-2012 Xilinx, Inc.  All rights reserved.

Command Line: elfcheck -hw ../../mcu_sw/system.xml -pe mcu mcu_project.elf 

ELF file	: mcu_project.elf
elfcheck passed.
'Finished building: mcu_project.elf.elfcheck'
' '
09:43:41 **** Auto Build of configuration Debug for project mcu_project ****
make all 
'Building file: ../src/main.c'
'Invoking: MicroBlaze gcc compiler'
mb-gcc -Wall -O0 -g3 -c -fmessage-length=0 -Wl,--no-relax -I../../cnn_bsp/mcu/include -mno-xl-reorder -mlittle-endian -mcpu=v8.40.a -mxl-soft-mul -MMD -MP -MF"src/main.d" -MT"src/main.d" -o "src/main.o" "../src/main.c"
../src/main.c: In function 'main':
../src/main.c:29:3: warning: passing argument 1 of 'XIOModule_DiscreteRead' from incompatible pointer type [enabled by default]
../../cnn_bsp/mcu/include/xiomodule.h:458:5: note: expected 'struct XIOModule *' but argument is of type 'u16 *'
../src/main.c:30:27: error: 'gpo' undeclared (first use in this function)
../src/main.c:30:27: note: each undeclared identifier is reported only once for each function it appears in
../src/main.c:30:35: error: 'data' undeclared (first use in this function)
../src/main.c:23:6: warning: variable 'bram_data_out' set but not used [-Wunused-but-set-variable]
../src/main.c:20:6: warning: variable 'bram_data_in' set but not used [-Wunused-but-set-variable]
../src/main.c:17:6: warning: variable 'bram_address' set but not used [-Wunused-but-set-variable]
make: *** [src/main.o] Hata 1
09:44:29 **** Auto Build of configuration Debug for project mcu_project ****
make all 
'Building file: ../src/main.c'
'Invoking: MicroBlaze gcc compiler'
mb-gcc -Wall -O0 -g3 -c -fmessage-length=0 -Wl,--no-relax -I../../cnn_bsp/mcu/include -mno-xl-reorder -mlittle-endian -mcpu=v8.40.a -mxl-soft-mul -MMD -MP -MF"src/main.d" -MT"src/main.d" -o "src/main.o" "../src/main.c"
../src/main.c: In function 'main':
../src/main.c:31:3: warning: passing argument 1 of 'XIOModule_DiscreteRead' from incompatible pointer type [enabled by default]
../../cnn_bsp/mcu/include/xiomodule.h:458:5: note: expected 'struct XIOModule *' but argument is of type 'u16 *'
../src/main.c:23:6: warning: variable 'bram_data_out' set but not used [-Wunused-but-set-variable]
../src/main.c:20:6: warning: variable 'bram_data_in' set but not used [-Wunused-but-set-variable]
'Finished building: ../src/main.c'
' '
'Building target: mcu_project.elf'
'Invoking: MicroBlaze gcc linker'
mb-gcc -Wl,--no-relax -Wl,-T -Wl,../src/lscript.ld -L../../cnn_bsp/mcu/lib -mlittle-endian -mcpu=v8.40.a -mxl-soft-mul -o "mcu_project.elf"  ./src/main.o ./src/platform.o   -Wl,--start-group,-lxil,-lgcc,-lc,--end-group
'Finished building target: mcu_project.elf'
' '
'Invoking: MicroBlaze Print Size'
mb-size mcu_project.elf  |tee "mcu_project.elf.size"
   text	   data	    bss	    dec	    hex	filename
   9126	    364	   2096	  11586	   2d42	mcu_project.elf
'Finished building: mcu_project.elf.size'
' '
'Invoking: Xilinx ELF Check'
elfcheck mcu_project.elf -hw ../../mcu_sw/system.xml -pe mcu  |tee "mcu_project.elf.elfcheck"
elfcheck
Xilinx EDK 14.5 Build EDK_P.58f
Copyright (c) 1995-2012 Xilinx, Inc.  All rights reserved.

Command Line: elfcheck -hw ../../mcu_sw/system.xml -pe mcu mcu_project.elf 

ELF file	: mcu_project.elf
elfcheck passed.
'Finished building: mcu_project.elf.elfcheck'
' '
09:45:44 **** Auto Build of configuration Debug for project mcu_project ****
make all 
'Building file: ../src/main.c'
'Invoking: MicroBlaze gcc compiler'
mb-gcc -Wall -O0 -g3 -c -fmessage-length=0 -Wl,--no-relax -I../../cnn_bsp/mcu/include -mno-xl-reorder -mlittle-endian -mcpu=v8.40.a -mxl-soft-mul -MMD -MP -MF"src/main.d" -MT"src/main.d" -o "src/main.o" "../src/main.c"
../src/main.c: In function 'main':
../src/main.c:23:6: warning: variable 'bram_data_out' set but not used [-Wunused-but-set-variable]
'Finished building: ../src/main.c'
' '
'Building target: mcu_project.elf'
'Invoking: MicroBlaze gcc linker'
mb-gcc -Wl,--no-relax -Wl,-T -Wl,../src/lscript.ld -L../../cnn_bsp/mcu/lib -mlittle-endian -mcpu=v8.40.a -mxl-soft-mul -o "mcu_project.elf"  ./src/main.o ./src/platform.o   -Wl,--start-group,-lxil,-lgcc,-lc,--end-group
'Finished building target: mcu_project.elf'
' '
'Invoking: MicroBlaze Print Size'
mb-size mcu_project.elf  |tee "mcu_project.elf.size"
   text	   data	    bss	    dec	    hex	filename
   9166	    364	   2096	  11626	   2d6a	mcu_project.elf
'Finished building: mcu_project.elf.size'
' '
'Invoking: Xilinx ELF Check'
elfcheck mcu_project.elf -hw ../../mcu_sw/system.xml -pe mcu  |tee "mcu_project.elf.elfcheck"
elfcheck
Xilinx EDK 14.5 Build EDK_P.58f
Copyright (c) 1995-2012 Xilinx, Inc.  All rights reserved.

Command Line: elfcheck -hw ../../mcu_sw/system.xml -pe mcu mcu_project.elf 

ELF file	: mcu_project.elf
elfcheck passed.
'Finished building: mcu_project.elf.elfcheck'
' '
09:46:17 **** Auto Build of configuration Debug for project mcu_project ****
make all 
'Building file: ../src/main.c'
'Invoking: MicroBlaze gcc compiler'
mb-gcc -Wall -O0 -g3 -c -fmessage-length=0 -Wl,--no-relax -I../../cnn_bsp/mcu/include -mno-xl-reorder -mlittle-endian -mcpu=v8.40.a -mxl-soft-mul -MMD -MP -MF"src/main.d" -MT"src/main.d" -o "src/main.o" "../src/main.c"
../src/main.c: In function 'main':
../src/main.c:33:3: warning: passing argument 1 of 'print' makes pointer from integer without a cast [enabled by default]
c:\xilinx\14.5\ise_ds\edk\gnu\microblaze\nt64\bin\../lib/gcc/microblaze-xilinx-elf/4.6.2/../../../../microblaze-xilinx-elf/include/stdio.h:233:9: note: expected 'char *' but argument is of type 'u16'
'Finished building: ../src/main.c'
' '
'Building target: mcu_project.elf'
'Invoking: MicroBlaze gcc linker'
mb-gcc -Wl,--no-relax -Wl,-T -Wl,../src/lscript.ld -L../../cnn_bsp/mcu/lib -mlittle-endian -mcpu=v8.40.a -mxl-soft-mul -o "mcu_project.elf"  ./src/main.o ./src/platform.o   -Wl,--start-group,-lxil,-lgcc,-lc,--end-group
'Finished building target: mcu_project.elf'
' '
'Invoking: MicroBlaze Print Size'
mb-size mcu_project.elf  |tee "mcu_project.elf.size"
   text	   data	    bss	    dec	    hex	filename
   9530	    364	   2106	  12000	   2ee0	mcu_project.elf
'Finished building: mcu_project.elf.size'
' '
'Invoking: Xilinx ELF Check'
elfcheck mcu_project.elf -hw ../../mcu_sw/system.xml -pe mcu  |tee "mcu_project.elf.elfcheck"
elfcheck
Xilinx EDK 14.5 Build EDK_P.58f
Copyright (c) 1995-2012 Xilinx, Inc.  All rights reserved.

Command Line: elfcheck -hw ../../mcu_sw/system.xml -pe mcu mcu_project.elf 

ELF file	: mcu_project.elf
elfcheck passed.
'Finished building: mcu_project.elf.elfcheck'
' '
09:46:36 **** Auto Build of configuration Debug for project mcu_project ****
make all 
'Building file: ../src/main.c'
'Invoking: MicroBlaze gcc compiler'
mb-gcc -Wall -O0 -g3 -c -fmessage-length=0 -Wl,--no-relax -I../../cnn_bsp/mcu/include -mno-xl-reorder -mlittle-endian -mcpu=v8.40.a -mxl-soft-mul -MMD -MP -MF"src/main.d" -MT"src/main.d" -o "src/main.o" "../src/main.c"
../src/main.c: In function 'main':
../src/main.c:33:3: error: too many arguments to function 'print'
c:\xilinx\14.5\ise_ds\edk\gnu\microblaze\nt64\bin\../lib/gcc/microblaze-xilinx-elf/4.6.2/../../../../microblaze-xilinx-elf/include/stdio.h:233:9: note: declared here
make: *** [src/main.o] Hata 1
09:47:17 **** Auto Build of configuration Debug for project mcu_project ****
make all 
'Building file: ../src/main.c'
'Invoking: MicroBlaze gcc compiler'
mb-gcc -Wall -O0 -g3 -c -fmessage-length=0 -Wl,--no-relax -I../../cnn_bsp/mcu/include -mno-xl-reorder -mlittle-endian -mcpu=v8.40.a -mxl-soft-mul -MMD -MP -MF"src/main.d" -MT"src/main.d" -o "src/main.o" "../src/main.c"
../src/main.c: In function 'main':
../src/main.c:33:3: error: too many arguments to function 'print'
c:\xilinx\14.5\ise_ds\edk\gnu\microblaze\nt64\bin\../lib/gcc/microblaze-xilinx-elf/4.6.2/../../../../microblaze-xilinx-elf/include/stdio.h:233:9: note: declared here
make: *** [src/main.o] Hata 1
09:50:00 **** Auto Build of configuration Debug for project mcu_project ****
make all 
'Building file: ../src/main.c'
'Invoking: MicroBlaze gcc compiler'
mb-gcc -Wall -O0 -g3 -c -fmessage-length=0 -Wl,--no-relax -I../../cnn_bsp/mcu/include -mno-xl-reorder -mlittle-endian -mcpu=v8.40.a -mxl-soft-mul -MMD -MP -MF"src/main.d" -MT"src/main.d" -o "src/main.o" "../src/main.c"
'Finished building: ../src/main.c'
' '
'Building target: mcu_project.elf'
'Invoking: MicroBlaze gcc linker'
mb-gcc -Wl,--no-relax -Wl,-T -Wl,../src/lscript.ld -L../../cnn_bsp/mcu/lib -mlittle-endian -mcpu=v8.40.a -mxl-soft-mul -o "mcu_project.elf"  ./src/main.o ./src/platform.o   -Wl,--start-group,-lxil,-lgcc,-lc,--end-group
c:/xilinx/14.5/ise_ds/edk/gnu/microblaze/nt64/bin/../lib/gcc/microblaze-xilinx-elf/4.6.2/../../../../microblaze-xilinx-elf/bin/ld.exe: mcu_project.elf section `.text' will not fit in region `ilmb_cntlr_dlmb_cntlr'
c:/xilinx/14.5/ise_ds/edk/gnu/microblaze/nt64/bin/../lib/gcc/microblaze-xilinx-elf/4.6.2/../../../../microblaze-xilinx-elf/bin/ld.exe: region `ilmb_cntlr_dlmb_cntlr' overflowed by 76504 bytes
collect2: ld returned 1 exit status
make: *** [mcu_project.elf] Hata 1
09:50:30 **** Auto Build of configuration Debug for project mcu_project ****
make all 
'Building file: ../src/main.c'
'Invoking: MicroBlaze gcc compiler'
mb-gcc -Wall -O0 -g3 -c -fmessage-length=0 -Wl,--no-relax -I../../cnn_bsp/mcu/include -mno-xl-reorder -mlittle-endian -mcpu=v8.40.a -mxl-soft-mul -MMD -MP -MF"src/main.d" -MT"src/main.d" -o "src/main.o" "../src/main.c"
'Finished building: ../src/main.c'
' '
'Building target: mcu_project.elf'
'Invoking: MicroBlaze gcc linker'
mb-gcc -Wl,--no-relax -Wl,-T -Wl,../src/lscript.ld -L../../cnn_bsp/mcu/lib -mlittle-endian -mcpu=v8.40.a -mxl-soft-mul -o "mcu_project.elf"  ./src/main.o ./src/platform.o   -Wl,--start-group,-lxil,-lgcc,-lc,--end-group
c:/xilinx/14.5/ise_ds/edk/gnu/microblaze/nt64/bin/../lib/gcc/microblaze-xilinx-elf/4.6.2/../../../../microblaze-xilinx-elf/bin/ld.exe: mcu_project.elf section `.text' will not fit in region `ilmb_cntlr_dlmb_cntlr'
c:/xilinx/14.5/ise_ds/edk/gnu/microblaze/nt64/bin/../lib/gcc/microblaze-xilinx-elf/4.6.2/../../../../microblaze-xilinx-elf/bin/ld.exe: region `ilmb_cntlr_dlmb_cntlr' overflowed by 76504 bytes
collect2: ld returned 1 exit status
make: *** [mcu_project.elf] Hata 1
09:51:12 **** Auto Build of configuration Debug for project mcu_project ****
make all 
'Building file: ../src/main.c'
'Invoking: MicroBlaze gcc compiler'
mb-gcc -Wall -O0 -g3 -c -fmessage-length=0 -Wl,--no-relax -I../../cnn_bsp/mcu/include -mno-xl-reorder -mlittle-endian -mcpu=v8.40.a -mxl-soft-mul -MMD -MP -MF"src/main.d" -MT"src/main.d" -o "src/main.o" "../src/main.c"
../src/main.c: In function 'main':
../src/main.c:33:15: error: expected expression before 'u8'
../src/main.c:23:6: warning: variable 'bram_data_out' set but not used [-Wunused-but-set-variable]
make: *** [src/main.o] Hata 1
09:51:23 **** Auto Build of configuration Debug for project mcu_project ****
make all 
'Building file: ../src/main.c'
'Invoking: MicroBlaze gcc compiler'
mb-gcc -Wall -O0 -g3 -c -fmessage-length=0 -Wl,--no-relax -I../../cnn_bsp/mcu/include -mno-xl-reorder -mlittle-endian -mcpu=v8.40.a -mxl-soft-mul -MMD -MP -MF"src/main.d" -MT"src/main.d" -o "src/main.o" "../src/main.c"
../src/main.c: In function 'main':
../src/main.c:23:6: warning: variable 'bram_data_out' set but not used [-Wunused-but-set-variable]
'Finished building: ../src/main.c'
' '
'Building target: mcu_project.elf'
'Invoking: MicroBlaze gcc linker'
mb-gcc -Wl,--no-relax -Wl,-T -Wl,../src/lscript.ld -L../../cnn_bsp/mcu/lib -mlittle-endian -mcpu=v8.40.a -mxl-soft-mul -o "mcu_project.elf"  ./src/main.o ./src/platform.o   -Wl,--start-group,-lxil,-lgcc,-lc,--end-group
c:/xilinx/14.5/ise_ds/edk/gnu/microblaze/nt64/bin/../lib/gcc/microblaze-xilinx-elf/4.6.2/../../../../microblaze-xilinx-elf/bin/ld.exe: mcu_project.elf section `.text' will not fit in region `ilmb_cntlr_dlmb_cntlr'
c:/xilinx/14.5/ise_ds/edk/gnu/microblaze/nt64/bin/../lib/gcc/microblaze-xilinx-elf/4.6.2/../../../../microblaze-xilinx-elf/bin/ld.exe: region `ilmb_cntlr_dlmb_cntlr' overflowed by 76504 bytes
collect2: ld returned 1 exit status
make: *** [mcu_project.elf] Hata 1
09:51:29 **** Auto Build of configuration Debug for project mcu_project ****
make all 
'Building file: ../src/main.c'
'Invoking: MicroBlaze gcc compiler'
mb-gcc -Wall -O0 -g3 -c -fmessage-length=0 -Wl,--no-relax -I../../cnn_bsp/mcu/include -mno-xl-reorder -mlittle-endian -mcpu=v8.40.a -mxl-soft-mul -MMD -MP -MF"src/main.d" -MT"src/main.d" -o "src/main.o" "../src/main.c"
../src/main.c: In function 'main':
../src/main.c:23:6: warning: variable 'bram_data_out' set but not used [-Wunused-but-set-variable]
'Finished building: ../src/main.c'
' '
'Building target: mcu_project.elf'
'Invoking: MicroBlaze gcc linker'
mb-gcc -Wl,--no-relax -Wl,-T -Wl,../src/lscript.ld -L../../cnn_bsp/mcu/lib -mlittle-endian -mcpu=v8.40.a -mxl-soft-mul -o "mcu_project.elf"  ./src/main.o ./src/platform.o   -Wl,--start-group,-lxil,-lgcc,-lc,--end-group
'Finished building target: mcu_project.elf'
' '
'Invoking: MicroBlaze Print Size'
mb-size mcu_project.elf  |tee "mcu_project.elf.size"
   text	   data	    bss	    dec	    hex	filename
   9166	    364	   2096	  11626	   2d6a	mcu_project.elf
'Finished building: mcu_project.elf.size'
' '
'Invoking: Xilinx ELF Check'
elfcheck mcu_project.elf -hw ../../mcu_sw/system.xml -pe mcu  |tee "mcu_project.elf.elfcheck"
elfcheck
Xilinx EDK 14.5 Build EDK_P.58f
Copyright (c) 1995-2012 Xilinx, Inc.  All rights reserved.

Command Line: elfcheck -hw ../../mcu_sw/system.xml -pe mcu mcu_project.elf 

ELF file	: mcu_project.elf
elfcheck passed.
'Finished building: mcu_project.elf.elfcheck'
' '
09:51:36 **** Auto Build of configuration Debug for project mcu_project ****
make all 
'Building file: ../src/main.c'
'Invoking: MicroBlaze gcc compiler'
mb-gcc -Wall -O0 -g3 -c -fmessage-length=0 -Wl,--no-relax -I../../cnn_bsp/mcu/include -mno-xl-reorder -mlittle-endian -mcpu=v8.40.a -mxl-soft-mul -MMD -MP -MF"src/main.d" -MT"src/main.d" -o "src/main.o" "../src/main.c"
../src/main.c: In function 'main':
../src/main.c:23:6: warning: variable 'bram_data_out' set but not used [-Wunused-but-set-variable]
'Finished building: ../src/main.c'
' '
'Building target: mcu_project.elf'
'Invoking: MicroBlaze gcc linker'
mb-gcc -Wl,--no-relax -Wl,-T -Wl,../src/lscript.ld -L../../cnn_bsp/mcu/lib -mlittle-endian -mcpu=v8.40.a -mxl-soft-mul -o "mcu_project.elf"  ./src/main.o ./src/platform.o   -Wl,--start-group,-lxil,-lgcc,-lc,--end-group
c:/xilinx/14.5/ise_ds/edk/gnu/microblaze/nt64/bin/../lib/gcc/microblaze-xilinx-elf/4.6.2/../../../../microblaze-xilinx-elf/bin/ld.exe: mcu_project.elf section `.text' will not fit in region `ilmb_cntlr_dlmb_cntlr'
c:/xilinx/14.5/ise_ds/edk/gnu/microblaze/nt64/bin/../lib/gcc/microblaze-xilinx-elf/4.6.2/../../../../microblaze-xilinx-elf/bin/ld.exe: region `ilmb_cntlr_dlmb_cntlr' overflowed by 76504 bytes
collect2: ld returned 1 exit status
make: *** [mcu_project.elf] Hata 1
09:51:48 **** Auto Build of configuration Debug for project mcu_project ****
make all 
'Building file: ../src/main.c'
'Invoking: MicroBlaze gcc compiler'
mb-gcc -Wall -O0 -g3 -c -fmessage-length=0 -Wl,--no-relax -I../../cnn_bsp/mcu/include -mno-xl-reorder -mlittle-endian -mcpu=v8.40.a -mxl-soft-mul -MMD -MP -MF"src/main.d" -MT"src/main.d" -o "src/main.o" "../src/main.c"
../src/main.c: In function 'main':
../src/main.c:23:6: warning: variable 'bram_data_out' set but not used [-Wunused-but-set-variable]
'Finished building: ../src/main.c'
' '
'Building target: mcu_project.elf'
'Invoking: MicroBlaze gcc linker'
mb-gcc -Wl,--no-relax -Wl,-T -Wl,../src/lscript.ld -L../../cnn_bsp/mcu/lib -mlittle-endian -mcpu=v8.40.a -mxl-soft-mul -o "mcu_project.elf"  ./src/main.o ./src/platform.o   -Wl,--start-group,-lxil,-lgcc,-lc,--end-group
c:/xilinx/14.5/ise_ds/edk/gnu/microblaze/nt64/bin/../lib/gcc/microblaze-xilinx-elf/4.6.2/../../../../microblaze-xilinx-elf/bin/ld.exe: mcu_project.elf section `.text' will not fit in region `ilmb_cntlr_dlmb_cntlr'
c:/xilinx/14.5/ise_ds/edk/gnu/microblaze/nt64/bin/../lib/gcc/microblaze-xilinx-elf/4.6.2/../../../../microblaze-xilinx-elf/bin/ld.exe: region `ilmb_cntlr_dlmb_cntlr' overflowed by 76504 bytes
collect2: ld returned 1 exit status
make: *** [mcu_project.elf] Hata 1
09:52:10 **** Auto Build of configuration Debug for project mcu_project ****
make all 
'Building file: ../src/main.c'
'Invoking: MicroBlaze gcc compiler'
mb-gcc -Wall -O0 -g3 -c -fmessage-length=0 -Wl,--no-relax -I../../cnn_bsp/mcu/include -mno-xl-reorder -mlittle-endian -mcpu=v8.40.a -mxl-soft-mul -MMD -MP -MF"src/main.d" -MT"src/main.d" -o "src/main.o" "../src/main.c"
../src/main.c: In function 'main':
../src/main.c:23:6: warning: variable 'bram_data_out' set but not used [-Wunused-but-set-variable]
'Finished building: ../src/main.c'
' '
'Building target: mcu_project.elf'
'Invoking: MicroBlaze gcc linker'
mb-gcc -Wl,--no-relax -Wl,-T -Wl,../src/lscript.ld -L../../cnn_bsp/mcu/lib -mlittle-endian -mcpu=v8.40.a -mxl-soft-mul -o "mcu_project.elf"  ./src/main.o ./src/platform.o   -Wl,--start-group,-lxil,-lgcc,-lc,--end-group
'Finished building target: mcu_project.elf'
' '
'Invoking: MicroBlaze Print Size'
mb-size mcu_project.elf  |tee "mcu_project.elf.size"
   text	   data	    bss	    dec	    hex	filename
   9166	    364	   2096	  11626	   2d6a	mcu_project.elf
'Finished building: mcu_project.elf.size'
' '
'Invoking: Xilinx ELF Check'
elfcheck mcu_project.elf -hw ../../mcu_sw/system.xml -pe mcu  |tee "mcu_project.elf.elfcheck"
elfcheck
Xilinx EDK 14.5 Build EDK_P.58f
Copyright (c) 1995-2012 Xilinx, Inc.  All rights reserved.

Command Line: elfcheck -hw ../../mcu_sw/system.xml -pe mcu mcu_project.elf 

ELF file	: mcu_project.elf
elfcheck passed.
'Finished building: mcu_project.elf.elfcheck'
' '
09:52:20 **** Auto Build of configuration Debug for project mcu_project ****
make all 
'Building file: ../src/main.c'
'Invoking: MicroBlaze gcc compiler'
mb-gcc -Wall -O0 -g3 -c -fmessage-length=0 -Wl,--no-relax -I../../cnn_bsp/mcu/include -mno-xl-reorder -mlittle-endian -mcpu=v8.40.a -mxl-soft-mul -MMD -MP -MF"src/main.d" -MT"src/main.d" -o "src/main.o" "../src/main.c"
../src/main.c: In function 'main':
../src/main.c:23:6: warning: variable 'bram_data_out' set but not used [-Wunused-but-set-variable]
'Finished building: ../src/main.c'
' '
'Building target: mcu_project.elf'
'Invoking: MicroBlaze gcc linker'
mb-gcc -Wl,--no-relax -Wl,-T -Wl,../src/lscript.ld -L../../cnn_bsp/mcu/lib -mlittle-endian -mcpu=v8.40.a -mxl-soft-mul -o "mcu_project.elf"  ./src/main.o ./src/platform.o   -Wl,--start-group,-lxil,-lgcc,-lc,--end-group
'Finished building target: mcu_project.elf'
' '
'Invoking: MicroBlaze Print Size'
mb-size mcu_project.elf  |tee "mcu_project.elf.size"
   text	   data	    bss	    dec	    hex	filename
   9166	    364	   2096	  11626	   2d6a	mcu_project.elf
'Finished building: mcu_project.elf.size'
' '
'Invoking: Xilinx ELF Check'
elfcheck mcu_project.elf -hw ../../mcu_sw/system.xml -pe mcu  |tee "mcu_project.elf.elfcheck"
elfcheck
Xilinx EDK 14.5 Build EDK_P.58f
Copyright (c) 1995-2012 Xilinx, Inc.  All rights reserved.

Command Line: elfcheck -hw ../../mcu_sw/system.xml -pe mcu mcu_project.elf 

ELF file	: mcu_project.elf
elfcheck passed.
'Finished building: mcu_project.elf.elfcheck'
' '
09:56:04 **** Auto Build of configuration Debug for project mcu_project ****
make all 
'Building file: ../src/main.c'
'Invoking: MicroBlaze gcc compiler'
mb-gcc -Wall -O0 -g3 -c -fmessage-length=0 -Wl,--no-relax -I../../cnn_bsp/mcu/include -mno-xl-reorder -mlittle-endian -mcpu=v8.40.a -mxl-soft-mul -MMD -MP -MF"src/main.d" -MT"src/main.d" -o "src/main.o" "../src/main.c"
'Finished building: ../src/main.c'
' '
'Building target: mcu_project.elf'
'Invoking: MicroBlaze gcc linker'
mb-gcc -Wl,--no-relax -Wl,-T -Wl,../src/lscript.ld -L../../cnn_bsp/mcu/lib -mlittle-endian -mcpu=v8.40.a -mxl-soft-mul -o "mcu_project.elf"  ./src/main.o ./src/platform.o   -Wl,--start-group,-lxil,-lgcc,-lc,--end-group
c:/xilinx/14.5/ise_ds/edk/gnu/microblaze/nt64/bin/../lib/gcc/microblaze-xilinx-elf/4.6.2/../../../../microblaze-xilinx-elf/bin/ld.exe: mcu_project.elf section `.text' will not fit in region `ilmb_cntlr_dlmb_cntlr'
c:/xilinx/14.5/ise_ds/edk/gnu/microblaze/nt64/bin/../lib/gcc/microblaze-xilinx-elf/4.6.2/../../../../microblaze-xilinx-elf/bin/ld.exe: region `ilmb_cntlr_dlmb_cntlr' overflowed by 76424 bytes
collect2: ld returned 1 exit status
make: *** [mcu_project.elf] Hata 1
09:56:25 **** Auto Build of configuration Debug for project mcu_project ****
make all 
'Building file: ../src/main.c'
'Invoking: MicroBlaze gcc compiler'
mb-gcc -Wall -O0 -g3 -c -fmessage-length=0 -Wl,--no-relax -I../../cnn_bsp/mcu/include -mno-xl-reorder -mlittle-endian -mcpu=v8.40.a -mxl-soft-mul -MMD -MP -MF"src/main.d" -MT"src/main.d" -o "src/main.o" "../src/main.c"
../src/main.c: In function 'main':
../src/main.c:23:6: warning: variable 'bram_data_out' set but not used [-Wunused-but-set-variable]
'Finished building: ../src/main.c'
' '
'Building target: mcu_project.elf'
'Invoking: MicroBlaze gcc linker'
mb-gcc -Wl,--no-relax -Wl,-T -Wl,../src/lscript.ld -L../../cnn_bsp/mcu/lib -mlittle-endian -mcpu=v8.40.a -mxl-soft-mul -o "mcu_project.elf"  ./src/main.o ./src/platform.o   -Wl,--start-group,-lxil,-lgcc,-lc,--end-group
c:/xilinx/14.5/ise_ds/edk/gnu/microblaze/nt64/bin/../lib/gcc/microblaze-xilinx-elf/4.6.2/../../../../microblaze-xilinx-elf/bin/ld.exe: mcu_project.elf section `.text' will not fit in region `ilmb_cntlr_dlmb_cntlr'
c:/xilinx/14.5/ise_ds/edk/gnu/microblaze/nt64/bin/../lib/gcc/microblaze-xilinx-elf/4.6.2/../../../../microblaze-xilinx-elf/bin/ld.exe: region `ilmb_cntlr_dlmb_cntlr' overflowed by 14464 bytes
collect2: ld returned 1 exit status
make: *** [mcu_project.elf] Hata 1
09:56:31 **** Auto Build of configuration Debug for project mcu_project ****
make all 
'Building file: ../src/main.c'
'Invoking: MicroBlaze gcc compiler'
mb-gcc -Wall -O0 -g3 -c -fmessage-length=0 -Wl,--no-relax -I../../cnn_bsp/mcu/include -mno-xl-reorder -mlittle-endian -mcpu=v8.40.a -mxl-soft-mul -MMD -MP -MF"src/main.d" -MT"src/main.d" -o "src/main.o" "../src/main.c"
'Finished building: ../src/main.c'
' '
'Building target: mcu_project.elf'
'Invoking: MicroBlaze gcc linker'
mb-gcc -Wl,--no-relax -Wl,-T -Wl,../src/lscript.ld -L../../cnn_bsp/mcu/lib -mlittle-endian -mcpu=v8.40.a -mxl-soft-mul -o "mcu_project.elf"  ./src/main.o ./src/platform.o   -Wl,--start-group,-lxil,-lgcc,-lc,--end-group
c:/xilinx/14.5/ise_ds/edk/gnu/microblaze/nt64/bin/../lib/gcc/microblaze-xilinx-elf/4.6.2/../../../../microblaze-xilinx-elf/bin/ld.exe: mcu_project.elf section `.text' will not fit in region `ilmb_cntlr_dlmb_cntlr'
c:/xilinx/14.5/ise_ds/edk/gnu/microblaze/nt64/bin/../lib/gcc/microblaze-xilinx-elf/4.6.2/../../../../microblaze-xilinx-elf/bin/ld.exe: region `ilmb_cntlr_dlmb_cntlr' overflowed by 76424 bytes
collect2: ld returned 1 exit status
make: *** [mcu_project.elf] Hata 1
10:37:03 **** Auto Build of configuration Debug for project mcu_project ****
make all 
'Building file: ../src/main.c'
'Invoking: MicroBlaze gcc compiler'
mb-gcc -Wall -O0 -g3 -c -fmessage-length=0 -Wl,--no-relax -I../../cnn_bsp/mcu/include -mno-xl-reorder -mlittle-endian -mcpu=v8.40.a -mxl-soft-mul -MMD -MP -MF"src/main.d" -MT"src/main.d" -o "src/main.o" "../src/main.c"
../src/main.c: In function 'main':
../src/main.c:33:3: warning: passing argument 2 of 'XIOModule_Send' makes pointer from integer without a cast [enabled by default]
../../cnn_bsp/mcu/include/xiomodule.h:481:14: note: expected 'u8 *' but argument is of type 'u16'
'Finished building: ../src/main.c'
' '
'Building target: mcu_project.elf'
'Invoking: MicroBlaze gcc linker'
mb-gcc -Wl,--no-relax -Wl,-T -Wl,../src/lscript.ld -L../../cnn_bsp/mcu/lib -mlittle-endian -mcpu=v8.40.a -mxl-soft-mul -o "mcu_project.elf"  ./src/main.o ./src/platform.o   -Wl,--start-group,-lxil,-lgcc,-lc,--end-group
c:/xilinx/14.5/ise_ds/edk/gnu/microblaze/nt64/bin/../lib/gcc/microblaze-xilinx-elf/4.6.2/../../../../microblaze-xilinx-elf/bin/ld.exe: mcu_project.elf section `.text' will not fit in region `ilmb_cntlr_dlmb_cntlr'
c:/xilinx/14.5/ise_ds/edk/gnu/microblaze/nt64/bin/../lib/gcc/microblaze-xilinx-elf/4.6.2/../../../../microblaze-xilinx-elf/bin/ld.exe: region `ilmb_cntlr_dlmb_cntlr' overflowed by 78720 bytes
collect2: ld returned 1 exit status
make: *** [mcu_project.elf] Hata 1
12:30:39 **** Clean-only build of configuration Debug for project mcu_project ****
make clean 
rm -rf  ./src/main.o ./src/platform.o  ./src/main.d ./src/platform.d  mcu_project.elf.size  mcu_project.elf.elfcheck  mcu_project.elf
' '
12:30:39 **** Auto Build of configuration Debug for project mcu_project ****
make all 
'Building file: ../src/main.c'
'Invoking: MicroBlaze gcc compiler'
mb-gcc -Wall -O0 -g3 -c -fmessage-length=0 -Wl,--no-relax -I../../cnn_bsp/mcu/include -mno-xl-reorder -mlittle-endian -mcpu=v8.40.a -mxl-soft-mul -MMD -MP -MF"src/main.d" -MT"src/main.d" -o "src/main.o" "../src/main.c"
../src/main.c: In function 'main':
../src/main.c:33:3: warning: passing argument 2 of 'XIOModule_Send' makes pointer from integer without a cast [enabled by default]
../../cnn_bsp/mcu/include/xiomodule.h:481:14: note: expected 'u8 *' but argument is of type 'u16'
../src/main.c:34:3: warning: passing argument 1 of 'printf' from incompatible pointer type [enabled by default]
c:\xilinx\14.5\ise_ds\edk\gnu\microblaze\nt64\bin\../lib/gcc/microblaze-xilinx-elf/4.6.2/../../../../microblaze-xilinx-elf/include/stdio.h:182:5: note: expected 'const char *' but argument is of type 'struct __FILE *'
'Finished building: ../src/main.c'
' '
'Building file: ../src/platform.c'
'Invoking: MicroBlaze gcc compiler'
mb-gcc -Wall -O0 -g3 -c -fmessage-length=0 -Wl,--no-relax -I../../cnn_bsp/mcu/include -mno-xl-reorder -mlittle-endian -mcpu=v8.40.a -mxl-soft-mul -MMD -MP -MF"src/platform.d" -MT"src/platform.d" -o "src/platform.o" "../src/platform.c"
'Finished building: ../src/platform.c'
' '
'Building target: mcu_project.elf'
'Invoking: MicroBlaze gcc linker'
mb-gcc -Wl,--no-relax -Wl,-T -Wl,../src/lscript.ld -L../../cnn_bsp/mcu/lib -mlittle-endian -mcpu=v8.40.a -mxl-soft-mul -o "mcu_project.elf"  ./src/main.o ./src/platform.o   -Wl,--start-group,-lxil,-lgcc,-lc,--end-group
c:/xilinx/14.5/ise_ds/edk/gnu/microblaze/nt64/bin/../lib/gcc/microblaze-xilinx-elf/4.6.2/../../../../microblaze-xilinx-elf/bin/ld.exe: mcu_project.elf section `.text' will not fit in region `ilmb_cntlr_dlmb_cntlr'
c:/xilinx/14.5/ise_ds/edk/gnu/microblaze/nt64/bin/../lib/gcc/microblaze-xilinx-elf/4.6.2/../../../../microblaze-xilinx-elf/bin/ld.exe: region `ilmb_cntlr_dlmb_cntlr' overflowed by 78816 bytes
collect2: ld returned 1 exit status
make: *** [mcu_project.elf] Hata 1
12:30:43 **** Auto Build of configuration Debug for project mcu_project ****
make all 
'Building file: ../src/main.c'
'Invoking: MicroBlaze gcc compiler'
mb-gcc -Wall -O0 -g3 -c -fmessage-length=0 -Wl,--no-relax -I../../cnn_bsp/mcu/include -mno-xl-reorder -mlittle-endian -mcpu=v8.40.a -mxl-soft-mul -MMD -MP -MF"src/main.d" -MT"src/main.d" -o "src/main.o" "../src/main.c"
../src/main.c: In function 'main':
../src/main.c:33:3: warning: passing argument 2 of 'XIOModule_Send' makes pointer from integer without a cast [enabled by default]
../../cnn_bsp/mcu/include/xiomodule.h:481:14: note: expected 'u8 *' but argument is of type 'u16'
'Finished building: ../src/main.c'
' '
'Building target: mcu_project.elf'
'Invoking: MicroBlaze gcc linker'
mb-gcc -Wl,--no-relax -Wl,-T -Wl,../src/lscript.ld -L../../cnn_bsp/mcu/lib -mlittle-endian -mcpu=v8.40.a -mxl-soft-mul -o "mcu_project.elf"  ./src/main.o ./src/platform.o   -Wl,--start-group,-lxil,-lgcc,-lc,--end-group
c:/xilinx/14.5/ise_ds/edk/gnu/microblaze/nt64/bin/../lib/gcc/microblaze-xilinx-elf/4.6.2/../../../../microblaze-xilinx-elf/bin/ld.exe: mcu_project.elf section `.text' will not fit in region `ilmb_cntlr_dlmb_cntlr'
c:/xilinx/14.5/ise_ds/edk/gnu/microblaze/nt64/bin/../lib/gcc/microblaze-xilinx-elf/4.6.2/../../../../microblaze-xilinx-elf/bin/ld.exe: region `ilmb_cntlr_dlmb_cntlr' overflowed by 78800 bytes
collect2: ld returned 1 exit status
make: *** [mcu_project.elf] Hata 1
12:30:55 **** Auto Build of configuration Debug for project mcu_project ****
make all 
'Building file: ../src/main.c'
'Invoking: MicroBlaze gcc compiler'
mb-gcc -Wall -O0 -g3 -c -fmessage-length=0 -Wl,--no-relax -I../../cnn_bsp/mcu/include -mno-xl-reorder -mlittle-endian -mcpu=v8.40.a -mxl-soft-mul -MMD -MP -MF"src/main.d" -MT"src/main.d" -o "src/main.o" "../src/main.c"
../src/main.c: In function 'main':
../src/main.c:33:3: warning: passing argument 2 of 'XIOModule_Send' makes pointer from integer without a cast [enabled by default]
../../cnn_bsp/mcu/include/xiomodule.h:481:14: note: expected 'u8 *' but argument is of type 'u16'
../src/main.c:34:3: error: 'xil' undeclared (first use in this function)
../src/main.c:34:3: note: each undeclared identifier is reported only once for each function it appears in
make: *** [src/main.o] Hata 1
12:31:57 **** Auto Build of configuration Debug for project mcu_project ****
make all 
'Building file: ../src/main.c'
'Invoking: MicroBlaze gcc compiler'
mb-gcc -Wall -O0 -g3 -c -fmessage-length=0 -Wl,--no-relax -I../../cnn_bsp/mcu/include -mno-xl-reorder -mlittle-endian -mcpu=v8.40.a -mxl-soft-mul -MMD -MP -MF"src/main.d" -MT"src/main.d" -o "src/main.o" "../src/main.c"
../src/main.c: In function 'main':
../src/main.c:33:3: warning: passing argument 2 of 'XIOModule_Send' makes pointer from integer without a cast [enabled by default]
../../cnn_bsp/mcu/include/xiomodule.h:481:14: note: expected 'u8 *' but argument is of type 'u16'
'Finished building: ../src/main.c'
' '
'Building target: mcu_project.elf'
'Invoking: MicroBlaze gcc linker'
mb-gcc -Wl,--no-relax -Wl,-T -Wl,../src/lscript.ld -L../../cnn_bsp/mcu/lib -mlittle-endian -mcpu=v8.40.a -mxl-soft-mul -o "mcu_project.elf"  ./src/main.o ./src/platform.o   -Wl,--start-group,-lxil,-lgcc,-lc,--end-group
'Finished building target: mcu_project.elf'
' '
'Invoking: MicroBlaze Print Size'
mb-size mcu_project.elf  |tee "mcu_project.elf.size"
   text	   data	    bss	    dec	    hex	filename
  11462	    364	   2096	  13922	   3662	mcu_project.elf
'Finished building: mcu_project.elf.size'
' '
'Invoking: Xilinx ELF Check'
elfcheck mcu_project.elf -hw ../../mcu_sw/system.xml -pe mcu  |tee "mcu_project.elf.elfcheck"
elfcheck
Xilinx EDK 14.5 Build EDK_P.58f
Copyright (c) 1995-2012 Xilinx, Inc.  All rights reserved.

Command Line: elfcheck -hw ../../mcu_sw/system.xml -pe mcu mcu_project.elf 

ELF file	: mcu_project.elf
elfcheck passed.
'Finished building: mcu_project.elf.elfcheck'
' '
12:32:06 **** Auto Build of configuration Debug for project mcu_project ****
make all 
'Building file: ../src/main.c'
'Invoking: MicroBlaze gcc compiler'
mb-gcc -Wall -O0 -g3 -c -fmessage-length=0 -Wl,--no-relax -I../../cnn_bsp/mcu/include -mno-xl-reorder -mlittle-endian -mcpu=v8.40.a -mxl-soft-mul -MMD -MP -MF"src/main.d" -MT"src/main.d" -o "src/main.o" "../src/main.c"
../src/main.c: In function 'main':
../src/main.c:33:3: warning: passing argument 2 of 'XIOModule_Send' makes pointer from integer without a cast [enabled by default]
../../cnn_bsp/mcu/include/xiomodule.h:481:14: note: expected 'u8 *' but argument is of type 'u16'
'Finished building: ../src/main.c'
' '
'Building target: mcu_project.elf'
'Invoking: MicroBlaze gcc linker'
mb-gcc -Wl,--no-relax -Wl,-T -Wl,../src/lscript.ld -L../../cnn_bsp/mcu/lib -mlittle-endian -mcpu=v8.40.a -mxl-soft-mul -o "mcu_project.elf"  ./src/main.o ./src/platform.o   -Wl,--start-group,-lxil,-lgcc,-lc,--end-group
'Finished building target: mcu_project.elf'
' '
'Invoking: MicroBlaze Print Size'
mb-size mcu_project.elf  |tee "mcu_project.elf.size"
   text	   data	    bss	    dec	    hex	filename
  11462	    364	   2096	  13922	   3662	mcu_project.elf
'Finished building: mcu_project.elf.size'
' '
'Invoking: Xilinx ELF Check'
elfcheck mcu_project.elf -hw ../../mcu_sw/system.xml -pe mcu  |tee "mcu_project.elf.elfcheck"
elfcheck
Xilinx EDK 14.5 Build EDK_P.58f
Copyright (c) 1995-2012 Xilinx, Inc.  All rights reserved.

Command Line: elfcheck -hw ../../mcu_sw/system.xml -pe mcu mcu_project.elf 

ELF file	: mcu_project.elf
elfcheck passed.
'Finished building: mcu_project.elf.elfcheck'
' '
12:34:58 **** Auto Build of configuration Debug for project mcu_project ****
make all 
'Building file: ../src/main.c'
'Invoking: MicroBlaze gcc compiler'
mb-gcc -Wall -O0 -g3 -c -fmessage-length=0 -Wl,--no-relax -I../../cnn_bsp/mcu/include -mno-xl-reorder -mlittle-endian -mcpu=v8.40.a -mxl-soft-mul -MMD -MP -MF"src/main.d" -MT"src/main.d" -o "src/main.o" "../src/main.c"
../src/main.c: In function 'main':
../src/main.c:33:3: warning: passing argument 2 of 'XIOModule_Send' from incompatible pointer type [enabled by default]
../../cnn_bsp/mcu/include/xiomodule.h:481:14: note: expected 'u8 *' but argument is of type 'u16 *'
'Finished building: ../src/main.c'
' '
'Building target: mcu_project.elf'
'Invoking: MicroBlaze gcc linker'
mb-gcc -Wl,--no-relax -Wl,-T -Wl,../src/lscript.ld -L../../cnn_bsp/mcu/lib -mlittle-endian -mcpu=v8.40.a -mxl-soft-mul -o "mcu_project.elf"  ./src/main.o ./src/platform.o   -Wl,--start-group,-lxil,-lgcc,-lc,--end-group
'Finished building target: mcu_project.elf'
' '
'Invoking: MicroBlaze Print Size'
mb-size mcu_project.elf  |tee "mcu_project.elf.size"
   text	   data	    bss	    dec	    hex	filename
  11486	    364	   2096	  13946	   367a	mcu_project.elf
'Finished building: mcu_project.elf.size'
' '
'Invoking: Xilinx ELF Check'
elfcheck mcu_project.elf -hw ../../mcu_sw/system.xml -pe mcu  |tee "mcu_project.elf.elfcheck"
elfcheck
Xilinx EDK 14.5 Build EDK_P.58f
Copyright (c) 1995-2012 Xilinx, Inc.  All rights reserved.

Command Line: elfcheck -hw ../../mcu_sw/system.xml -pe mcu mcu_project.elf 

ELF file	: mcu_project.elf
elfcheck passed.
'Finished building: mcu_project.elf.elfcheck'
' '
12:35:07 **** Auto Build of configuration Debug for project mcu_project ****
make all 
'Building file: ../src/main.c'
'Invoking: MicroBlaze gcc compiler'
mb-gcc -Wall -O0 -g3 -c -fmessage-length=0 -Wl,--no-relax -I../../cnn_bsp/mcu/include -mno-xl-reorder -mlittle-endian -mcpu=v8.40.a -mxl-soft-mul -MMD -MP -MF"src/main.d" -MT"src/main.d" -o "src/main.o" "../src/main.c"
../src/main.c: In function 'main':
../src/main.c:33:3: warning: passing argument 2 of 'XIOModule_Send' from incompatible pointer type [enabled by default]
../../cnn_bsp/mcu/include/xiomodule.h:481:14: note: expected 'u8 *' but argument is of type 'u16 *'
'Finished building: ../src/main.c'
' '
'Building target: mcu_project.elf'
'Invoking: MicroBlaze gcc linker'
mb-gcc -Wl,--no-relax -Wl,-T -Wl,../src/lscript.ld -L../../cnn_bsp/mcu/lib -mlittle-endian -mcpu=v8.40.a -mxl-soft-mul -o "mcu_project.elf"  ./src/main.o ./src/platform.o   -Wl,--start-group,-lxil,-lgcc,-lc,--end-group
'Finished building target: mcu_project.elf'
' '
'Invoking: MicroBlaze Print Size'
mb-size mcu_project.elf  |tee "mcu_project.elf.size"
   text	   data	    bss	    dec	    hex	filename
  11486	    364	   2096	  13946	   367a	mcu_project.elf
'Finished building: mcu_project.elf.size'
' '
'Invoking: Xilinx ELF Check'
elfcheck mcu_project.elf -hw ../../mcu_sw/system.xml -pe mcu  |tee "mcu_project.elf.elfcheck"
elfcheck
Xilinx EDK 14.5 Build EDK_P.58f
Copyright (c) 1995-2012 Xilinx, Inc.  All rights reserved.

Command Line: elfcheck -hw ../../mcu_sw/system.xml -pe mcu mcu_project.elf 

ELF file	: mcu_project.elf
elfcheck passed.
'Finished building: mcu_project.elf.elfcheck'
' '
12:36:26 **** Auto Build of configuration Debug for project mcu_project ****
make all 
'Building file: ../src/main.c'
'Invoking: MicroBlaze gcc compiler'
mb-gcc -Wall -O0 -g3 -c -fmessage-length=0 -Wl,--no-relax -I../../cnn_bsp/mcu/include -mno-xl-reorder -mlittle-endian -mcpu=v8.40.a -mxl-soft-mul -MMD -MP -MF"src/main.d" -MT"src/main.d" -o "src/main.o" "../src/main.c"
../src/main.c: In function 'main':
../src/main.c:33:3: warning: passing argument 2 of 'XIOModule_Send' from incompatible pointer type [enabled by default]
../../cnn_bsp/mcu/include/xiomodule.h:481:14: note: expected 'u8 *' but argument is of type 'u8 (*)[2]'
../src/main.c:23:6: warning: variable 'bram_data_out' set but not used [-Wunused-but-set-variable]
../src/main.c:20:23: warning: unused variable 'bram_data_in_uart' [-Wunused-variable]
'Finished building: ../src/main.c'
' '
'Building target: mcu_project.elf'
'Invoking: MicroBlaze gcc linker'
mb-gcc -Wl,--no-relax -Wl,-T -Wl,../src/lscript.ld -L../../cnn_bsp/mcu/lib -mlittle-endian -mcpu=v8.40.a -mxl-soft-mul -o "mcu_project.elf"  ./src/main.o ./src/platform.o   -Wl,--start-group,-lxil,-lgcc,-lc,--end-group
'Finished building target: mcu_project.elf'
' '
'Invoking: MicroBlaze Print Size'
mb-size mcu_project.elf  |tee "mcu_project.elf.size"
   text	   data	    bss	    dec	    hex	filename
  11462	    364	   2096	  13922	   3662	mcu_project.elf
'Finished building: mcu_project.elf.size'
' '
'Invoking: Xilinx ELF Check'
elfcheck mcu_project.elf -hw ../../mcu_sw/system.xml -pe mcu  |tee "mcu_project.elf.elfcheck"
elfcheck
Xilinx EDK 14.5 Build EDK_P.58f
Copyright (c) 1995-2012 Xilinx, Inc.  All rights reserved.

Command Line: elfcheck -hw ../../mcu_sw/system.xml -pe mcu mcu_project.elf 

ELF file	: mcu_project.elf
elfcheck passed.
'Finished building: mcu_project.elf.elfcheck'
' '
12:36:43 **** Auto Build of configuration Debug for project mcu_project ****
make all 
'Building file: ../src/main.c'
'Invoking: MicroBlaze gcc compiler'
mb-gcc -Wall -O0 -g3 -c -fmessage-length=0 -Wl,--no-relax -I../../cnn_bsp/mcu/include -mno-xl-reorder -mlittle-endian -mcpu=v8.40.a -mxl-soft-mul -MMD -MP -MF"src/main.d" -MT"src/main.d" -o "src/main.o" "../src/main.c"
../src/main.c: In function 'main':
../src/main.c:23:6: warning: variable 'bram_data_out' set but not used [-Wunused-but-set-variable]
[...]
'Finished building target: mcu_project.elf'
' '
'Invoking: MicroBlaze Print Size'
mb-size mcu_project.elf  |tee "mcu_project.elf.size"
   text	   data	    bss	    dec	    hex	filename
  12674	    380	   3130	  16184	   3f38	mcu_project.elf
'Finished building: mcu_project.elf.size'
' '
'Invoking: Xilinx ELF Check'
elfcheck mcu_project.elf -hw ../../mcu_sw/system.xml -pe mcu  |tee "mcu_project.elf.elfcheck"
elfcheck
Xilinx EDK 14.5 Build EDK_P.58f
Copyright (c) 1995-2012 Xilinx, Inc.  All rights reserved.

Command Line: elfcheck -hw ../../mcu_sw/system.xml -pe mcu mcu_project.elf 

ELF file	: mcu_project.elf
elfcheck passed.
'Finished building: mcu_project.elf.elfcheck'
' '
06:55:49 **** Auto Build of configuration Release for project mcu_project ****
make all 
'Building file: ../src/main.c'
'Invoking: MicroBlaze gcc compiler'
mb-gcc -Wall -O3 -c -fmessage-length=0 -I../../cnn_bsp/mcu/include -mno-xl-reorder -mlittle-endian -mcpu=v8.40.a -mxl-soft-mul -MMD -MP -MF"src/main.d" -MT"src/main.d" -o "src/main.o" "../src/main.c"
'Finished building: ../src/main.c'
' '
'Building target: mcu_project.elf'
'Invoking: MicroBlaze gcc linker'
mb-gcc -Wl,-T -Wl,../src/lscript.ld -L../../cnn_bsp/mcu/lib -mlittle-endian -mcpu=v8.40.a -mxl-soft-mul -o "mcu_project.elf"  ./src/cnn_algorithm.o ./src/cnn_func.o ./src/cnn_init.o ./src/main.o ./src/platform.o   -Wl,--start-group,-lxil,-lgcc,-lc,--end-group
'Finished building target: mcu_project.elf'
' '
'Invoking: MicroBlaze Print Size'
mb-size mcu_project.elf  |tee "mcu_project.elf.size"
   text	   data	    bss	    dec	    hex	filename
  12674	    380	   3130	  16184	   3f38	mcu_project.elf
'Finished building: mcu_project.elf.size'
' '
'Invoking: Xilinx ELF Check'
elfcheck mcu_project.elf -hw ../../mcu_sw/system.xml -pe mcu  |tee "mcu_project.elf.elfcheck"
elfcheck
Xilinx EDK 14.5 Build EDK_P.58f
Copyright (c) 1995-2012 Xilinx, Inc.  All rights reserved.

Command Line: elfcheck -hw ../../mcu_sw/system.xml -pe mcu mcu_project.elf 

ELF file	: mcu_project.elf
elfcheck passed.
'Finished building: mcu_project.elf.elfcheck'
' '
06:55:51 **** Auto Build of configuration Release for project mcu_project ****
make all 
'Building file: ../src/cnn_func.c'
'Invoking: MicroBlaze gcc compiler'
mb-gcc -Wall -O3 -c -fmessage-length=0 -I../../cnn_bsp/mcu/include -mno-xl-reorder -mlittle-endian -mcpu=v8.40.a -mxl-soft-mul -MMD -MP -MF"src/cnn_func.d" -MT"src/cnn_func.d" -o "src/cnn_func.o" "../src/cnn_func.c"
../src/cnn_func.c:100:6: error: conflicting types for 'send_error_sum'
../src/cnn_func.c:101:1: note: an argument type that has a default promotion can't match an empty parameter name list declaration
../src/cnn_func.h:45:6: note: previous declaration of 'send_error_sum' was here
make: *** [src/cnn_func.o] Hata 1
06:55:53 **** Auto Build of configuration Release for project mcu_project ****
make all 
'Building file: ../src/cnn_algorithm.c'
'Invoking: MicroBlaze gcc compiler'
mb-gcc -Wall -O3 -c -fmessage-length=0 -I../../cnn_bsp/mcu/include -mno-xl-reorder -mlittle-endian -mcpu=v8.40.a -mxl-soft-mul -MMD -MP -MF"src/cnn_algorithm.d" -MT"src/cnn_algorithm.d" -o "src/cnn_algorithm.o" "../src/cnn_algorithm.c"
'Finished building: ../src/cnn_algorithm.c'
' '
'Building file: ../src/cnn_func.c'
'Invoking: MicroBlaze gcc compiler'
mb-gcc -Wall -O3 -c -fmessage-length=0 -I../../cnn_bsp/mcu/include -mno-xl-reorder -mlittle-endian -mcpu=v8.40.a -mxl-soft-mul -MMD -MP -MF"src/cnn_func.d" -MT"src/cnn_func.d" -o "src/cnn_func.o" "../src/cnn_func.c"
../src/cnn_func.c:100:6: error: conflicting types for 'send_error_sum'
../src/cnn_func.c:101:1: note: an argument type that has a default promotion can't match an empty parameter name list declaration
../src/cnn_func.h:45:6: note: previous declaration of 'send_error_sum' was here
make: *** [src/cnn_func.o] Hata 1
06:56:24 **** Auto Build of configuration Release for project mcu_project ****
make all 
'Building file: ../src/cnn_func.c'
'Invoking: MicroBlaze gcc compiler'
mb-gcc -Wall -O3 -c -fmessage-length=0 -I../../cnn_bsp/mcu/include -mno-xl-reorder -mlittle-endian -mcpu=v8.40.a -mxl-soft-mul -MMD -MP -MF"src/cnn_func.d" -MT"src/cnn_func.d" -o "src/cnn_func.o" "../src/cnn_func.c"
../src/cnn_func.c:100:6: error: conflicting types for 'send_error_sum'
../src/cnn_func.h:45:6: note: previous declaration of 'send_error_sum' was here
make: *** [src/cnn_func.o] Hata 1
06:56:43 **** Auto Build of configuration Release for project mcu_project ****
make all 
'Building file: ../src/cnn_func.c'
'Invoking: MicroBlaze gcc compiler'
mb-gcc -Wall -O3 -c -fmessage-length=0 -I../../cnn_bsp/mcu/include -mno-xl-reorder -mlittle-endian -mcpu=v8.40.a -mxl-soft-mul -MMD -MP -MF"src/cnn_func.d" -MT"src/cnn_func.d" -o "src/cnn_func.o" "../src/cnn_func.c"
../src/cnn_func.c:100:6: error: conflicting types for 'send_error_sum'
../src/cnn_func.h:45:6: note: previous declaration of 'send_error_sum' was here
make: *** [src/cnn_func.o] Hata 1
06:56:46 **** Auto Build of configuration Release for project mcu_project ****
make all 
'Building file: ../src/cnn_func.c'
'Invoking: MicroBlaze gcc compiler'
mb-gcc -Wall -O3 -c -fmessage-length=0 -I../../cnn_bsp/mcu/include -mno-xl-reorder -mlittle-endian -mcpu=v8.40.a -mxl-soft-mul -MMD -MP -MF"src/cnn_func.d" -MT"src/cnn_func.d" -o "src/cnn_func.o" "../src/cnn_func.c"
'Finished building: ../src/cnn_func.c'
' '
'Building target: mcu_project.elf'
'Invoking: MicroBlaze gcc linker'
mb-gcc -Wl,-T -Wl,../src/lscript.ld -L../../cnn_bsp/mcu/lib -mlittle-endian -mcpu=v8.40.a -mxl-soft-mul -o "mcu_project.elf"  ./src/cnn_algorithm.o ./src/cnn_func.o ./src/cnn_init.o ./src/main.o ./src/platform.o   -Wl,--start-group,-lxil,-lgcc,-lc,--end-group
'Finished building target: mcu_project.elf'
' '
'Invoking: MicroBlaze Print Size'
mb-size mcu_project.elf  |tee "mcu_project.elf.size"
   text	   data	    bss	    dec	    hex	filename
  12750	    380	   3124	  16254	   3f7e	mcu_project.elf
'Finished building: mcu_project.elf.size'
' '
'Invoking: Xilinx ELF Check'
elfcheck mcu_project.elf -hw ../../mcu_sw/system.xml -pe mcu  |tee "mcu_project.elf.elfcheck"
elfcheck
Xilinx EDK 14.5 Build EDK_P.58f
Copyright (c) 1995-2012 Xilinx, Inc.  All rights reserved.

Command Line: elfcheck -hw ../../mcu_sw/system.xml -pe mcu mcu_project.elf 

ELF file	: mcu_project.elf
elfcheck passed.
'Finished building: mcu_project.elf.elfcheck'
' '
07:05:35 **** Auto Build of configuration Release for project mcu_project ****
make all 
'Building file: ../src/cnn_func.c'
'Invoking: MicroBlaze gcc compiler'
mb-gcc -Wall -O3 -c -fmessage-length=0 -I../../cnn_bsp/mcu/include -mno-xl-reorder -mlittle-endian -mcpu=v8.40.a -mxl-soft-mul -MMD -MP -MF"src/cnn_func.d" -MT"src/cnn_func.d" -o "src/cnn_func.o" "../src/cnn_func.c"
'Finished building: ../src/cnn_func.c'
' '
'Building target: mcu_project.elf'
'Invoking: MicroBlaze gcc linker'
mb-gcc -Wl,-T -Wl,../src/lscript.ld -L../../cnn_bsp/mcu/lib -mlittle-endian -mcpu=v8.40.a -mxl-soft-mul -o "mcu_project.elf"  ./src/cnn_algorithm.o ./src/cnn_func.o ./src/cnn_init.o ./src/main.o ./src/platform.o   -Wl,--start-group,-lxil,-lgcc,-lc,--end-group
'Finished building target: mcu_project.elf'
' '
'Invoking: MicroBlaze Print Size'
mb-size mcu_project.elf  |tee "mcu_project.elf.size"
   text	   data	    bss	    dec	    hex	filename
  12750	    380	   3124	  16254	   3f7e	mcu_project.elf
'Finished building: mcu_project.elf.size'
' '
'Invoking: Xilinx ELF Check'
elfcheck mcu_project.elf -hw ../../mcu_sw/system.xml -pe mcu  |tee "mcu_project.elf.elfcheck"
elfcheck
Xilinx EDK 14.5 Build EDK_P.58f
Copyright (c) 1995-2012 Xilinx, Inc.  All rights reserved.

Command Line: elfcheck -hw ../../mcu_sw/system.xml -pe mcu mcu_project.elf 

ELF file	: mcu_project.elf
elfcheck passed.
'Finished building: mcu_project.elf.elfcheck'
' '
07:06:06 **** Auto Build of configuration Release for project mcu_project ****
make all 
make: `all' için hiçbir þey yapýlmadý.
07:06:07 **** Auto Build of configuration Release for project mcu_project ****
make all 
make: `all' için hiçbir þey yapýlmadý.
07:06:16 **** Auto Build of configuration Release for project mcu_project ****
make all 
'Building file: ../src/cnn_func.c'
'Invoking: MicroBlaze gcc compiler'
mb-gcc -Wall -O3 -c -fmessage-length=0 -I../../cnn_bsp/mcu/include -mno-xl-reorder -mlittle-endian -mcpu=v8.40.a -mxl-soft-mul -MMD -MP -MF"src/cnn_func.d" -MT"src/cnn_func.d" -o "src/cnn_func.o" "../src/cnn_func.c"
'Finished building: ../src/cnn_func.c'
' '
'Building target: mcu_project.elf'
'Invoking: MicroBlaze gcc linker'
mb-gcc -Wl,-T -Wl,../src/lscript.ld -L../../cnn_bsp/mcu/lib -mlittle-endian -mcpu=v8.40.a -mxl-soft-mul -o "mcu_project.elf"  ./src/cnn_algorithm.o ./src/cnn_func.o ./src/cnn_init.o ./src/main.o ./src/platform.o   -Wl,--start-group,-lxil,-lgcc,-lc,--end-group
'Finished building target: mcu_project.elf'
' '
'Invoking: MicroBlaze Print Size'
mb-size mcu_project.elf  |tee "mcu_project.elf.size"
   text	   data	    bss	    dec	    hex	filename
  12750	    380	   3124	  16254	   3f7e	mcu_project.elf
'Finished building: mcu_project.elf.size'
' '
'Invoking: Xilinx ELF Check'
elfcheck mcu_project.elf -hw ../../mcu_sw/system.xml -pe mcu  |tee "mcu_project.elf.elfcheck"
elfcheck
Xilinx EDK 14.5 Build EDK_P.58f
Copyright (c) 1995-2012 Xilinx, Inc.  All rights reserved.

Command Line: elfcheck -hw ../../mcu_sw/system.xml -pe mcu mcu_project.elf 

ELF file	: mcu_project.elf
elfcheck passed.
'Finished building: mcu_project.elf.elfcheck'
' '
12:04:49 **** Build of project cnn_bsp ****
make -k all 
'Finished building libraries'
12:04:51 **** Clean-only build of configuration Release for project mcu_project ****
make clean 
rm -rf  ./src/cnn_algorithm.o ./src/cnn_func.o ./src/cnn_init.o ./src/main.o ./src/platform.o  ./src/cnn_algorithm.d ./src/cnn_func.d ./src/cnn_init.d ./src/main.d ./src/platform.d  mcu_project.elf.size  mcu_project.elf.elfcheck  mcu_project.elf
' '
12:04:51 **** Build of configuration Release for project mcu_project ****
make all 
'Building file: ../src/cnn_algorithm.c'
'Invoking: MicroBlaze gcc compiler'
mb-gcc -Wall -O3 -c -fmessage-length=0 -I../../cnn_bsp/mcu/include -mno-xl-reorder -mlittle-endian -mcpu=v8.40.a -mxl-soft-mul -MMD -MP -MF"src/cnn_algorithm.d" -MT"src/cnn_algorithm.d" -o "src/cnn_algorithm.o" "../src/cnn_algorithm.c"
'Finished building: ../src/cnn_algorithm.c'
' '
'Building file: ../src/cnn_func.c'
'Invoking: MicroBlaze gcc compiler'
mb-gcc -Wall -O3 -c -fmessage-length=0 -I../../cnn_bsp/mcu/include -mno-xl-reorder -mlittle-endian -mcpu=v8.40.a -mxl-soft-mul -MMD -MP -MF"src/cnn_func.d" -MT"src/cnn_func.d" -o "src/cnn_func.o" "../src/cnn_func.c"
'Finished building: ../src/cnn_func.c'
' '
'Building file: ../src/cnn_init.c'
'Invoking: MicroBlaze gcc compiler'
mb-gcc -Wall -O3 -c -fmessage-length=0 -I../../cnn_bsp/mcu/include -mno-xl-reorder -mlittle-endian -mcpu=v8.40.a -mxl-soft-mul -MMD -MP -MF"src/cnn_init.d" -MT"src/cnn_init.d" -o "src/cnn_init.o" "../src/cnn_init.c"
'Finished building: ../src/cnn_init.c'
' '
'Building file: ../src/main.c'
'Invoking: MicroBlaze gcc compiler'
mb-gcc -Wall -O3 -c -fmessage-length=0 -I../../cnn_bsp/mcu/include -mno-xl-reorder -mlittle-endian -mcpu=v8.40.a -mxl-soft-mul -MMD -MP -MF"src/main.d" -MT"src/main.d" -o "src/main.o" "../src/main.c"
'Finished building: ../src/main.c'
' '
'Building file: ../src/platform.c'
'Invoking: MicroBlaze gcc compiler'
mb-gcc -Wall -O3 -c -fmessage-length=0 -I../../cnn_bsp/mcu/include -mno-xl-reorder -mlittle-endian -mcpu=v8.40.a -mxl-soft-mul -MMD -MP -MF"src/platform.d" -MT"src/platform.d" -o "src/platform.o" "../src/platform.c"
'Finished building: ../src/platform.c'
' '
'Building target: mcu_project.elf'
'Invoking: MicroBlaze gcc linker'
mb-gcc -Wl,-T -Wl,../src/lscript.ld -L../../cnn_bsp/mcu/lib -mlittle-endian -mcpu=v8.40.a -mxl-soft-mul -o "mcu_project.elf"  ./src/cnn_algorithm.o ./src/cnn_func.o ./src/cnn_init.o ./src/main.o ./src/platform.o   -Wl,--start-group,-lxil,-lgcc,-lc,--end-group
'Finished building target: mcu_project.elf'
' '
'Invoking: MicroBlaze Print Size'
mb-size mcu_project.elf  |tee "mcu_project.elf.size"
   text	   data	    bss	    dec	    hex	filename
  12750	    380	   3124	  16254	   3f7e	mcu_project.elf
'Finished building: mcu_project.elf.size'
' '
'Invoking: Xilinx ELF Check'
elfcheck mcu_project.elf -hw ../../mcu_sw/system.xml -pe mcu  |tee "mcu_project.elf.elfcheck"
elfcheck
Xilinx EDK 14.5 Build EDK_P.58f
Copyright (c) 1995-2012 Xilinx, Inc.  All rights reserved.

Command Line: elfcheck -hw ../../mcu_sw/system.xml -pe mcu mcu_project.elf 

ELF file	: mcu_project.elf
elfcheck passed.
'Finished building: mcu_project.elf.elfcheck'
' '
12:04:57 **** Clean-only build of project cnn_bsp ****
make -k clean 
rm -rf mcu
12:04:58 **** Clean-only build of configuration Release for project mcu_project ****
make clean 
rm -rf  ./src/cnn_algorithm.o ./src/cnn_func.o ./src/cnn_init.o ./src/main.o ./src/platform.o  ./src/cnn_algorithm.d ./src/cnn_func.d ./src/cnn_init.d ./src/main.d ./src/platform.d  mcu_project.elf.size  mcu_project.elf.elfcheck  mcu_project.elf
' '
12:04:59 **** Build of project cnn_bsp ****
make -k all 
libgen -hw ../mcu_sw/system.xml\
	       \
	       -pe mcu \
	       -log libgen.log \
	       system.mss
libgen
Xilinx EDK 14.5 Build EDK_P.58f
Copyright (c) 1995-2012 Xilinx, Inc.  All rights reserved.

Command Line: libgen -hw ../mcu_sw/system.xml -pe mcu -log libgen.log system.mss
 


Staging source files.
Running DRCs.
Running generate.
Running post_generate.
Running include - 'make -s include "COMPILER=mb-gcc" "ARCHIVER=mb-ar"
"COMPILER_FLAGS=-mlittle-endian -mxl-soft-mul -mno-xl-reorder -mcpu=v8.40.a  -O2
-c" "EXTRA_COMPILER_FLAGS=-g"'.

Running libs - 'make -s libs "COMPILER=mb-gcc" "ARCHIVER=mb-ar"
"COMPILER_FLAGS=-mlittle-endian -mxl-soft-mul -mno-xl-reorder -mcpu=v8.40.a  -O2
-c" "EXTRA_COMPILER_FLAGS=-g"'.
"Compiling common"
"Compiling standalone";
"Compiling bram"
"Compiling iomodule"
"Compiling cpu"
Running execs_generate.
'Finished building libraries'
12:05:05 **** Build of configuration Release for project mcu_project ****
make all 
'Building file: ../src/cnn_algorithm.c'
'Invoking: MicroBlaze gcc compiler'
mb-gcc -Wall -O3 -c -fmessage-length=0 -I../../cnn_bsp/mcu/include -mno-xl-reorder -mlittle-endian -mcpu=v8.40.a -mxl-soft-mul -MMD -MP -MF"src/cnn_algorithm.d" -MT"src/cnn_algorithm.d" -o "src/cnn_algorithm.o" "../src/cnn_algorithm.c"
'Finished building: ../src/cnn_algorithm.c'
' '
'Building file: ../src/cnn_func.c'
'Invoking: MicroBlaze gcc compiler'
mb-gcc -Wall -O3 -c -fmessage-length=0 -I../../cnn_bsp/mcu/include -mno-xl-reorder -mlittle-endian -mcpu=v8.40.a -mxl-soft-mul -MMD -MP -MF"src/cnn_func.d" -MT"src/cnn_func.d" -o "src/cnn_func.o" "../src/cnn_func.c"
'Finished building: ../src/cnn_func.c'
' '
'Building file: ../src/cnn_init.c'
'Invoking: MicroBlaze gcc compiler'
mb-gcc -Wall -O3 -c -fmessage-length=0 -I../../cnn_bsp/mcu/include -mno-xl-reorder -mlittle-endian -mcpu=v8.40.a -mxl-soft-mul -MMD -MP -MF"src/cnn_init.d" -MT"src/cnn_init.d" -o "src/cnn_init.o" "../src/cnn_init.c"
'Finished building: ../src/cnn_init.c'
' '
'Building file: ../src/main.c'
'Invoking: MicroBlaze gcc compiler'
mb-gcc -Wall -O3 -c -fmessage-length=0 -I../../cnn_bsp/mcu/include -mno-xl-reorder -mlittle-endian -mcpu=v8.40.a -mxl-soft-mul -MMD -MP -MF"src/main.d" -MT"src/main.d" -o "src/main.o" "../src/main.c"
'Finished building: ../src/main.c'
' '
'Building file: ../src/platform.c'
'Invoking: MicroBlaze gcc compiler'
mb-gcc -Wall -O3 -c -fmessage-length=0 -I../../cnn_bsp/mcu/include -mno-xl-reorder -mlittle-endian -mcpu=v8.40.a -mxl-soft-mul -MMD -MP -MF"src/platform.d" -MT"src/platform.d" -o "src/platform.o" "../src/platform.c"
'Finished building: ../src/platform.c'
' '
'Building target: mcu_project.elf'
'Invoking: MicroBlaze gcc linker'
mb-gcc -Wl,-T -Wl,../src/lscript.ld -L../../cnn_bsp/mcu/lib -mlittle-endian -mcpu=v8.40.a -mxl-soft-mul -o "mcu_project.elf"  ./src/cnn_algorithm.o ./src/cnn_func.o ./src/cnn_init.o ./src/main.o ./src/platform.o   -Wl,--start-group,-lxil,-lgcc,-lc,--end-group
'Finished building target: mcu_project.elf'
' '
'Invoking: MicroBlaze Print Size'
mb-size mcu_project.elf  |tee "mcu_project.elf.size"
   text	   data	    bss	    dec	    hex	filename
  12750	    380	   3124	  16254	   3f7e	mcu_project.elf
'Finished building: mcu_project.elf.size'
' '
'Invoking: Xilinx ELF Check'
elfcheck mcu_project.elf -hw ../../mcu_sw/system.xml -pe mcu  |tee "mcu_project.elf.elfcheck"
elfcheck
Xilinx EDK 14.5 Build EDK_P.58f
Copyright (c) 1995-2012 Xilinx, Inc.  All rights reserved.

Command Line: elfcheck -hw ../../mcu_sw/system.xml -pe mcu mcu_project.elf 

ELF file	: mcu_project.elf
elfcheck passed.
'Finished building: mcu_project.elf.elfcheck'
' '
12:20:34 **** Auto Build of configuration Release for project mcu_project ****
make all 
'Building file: ../src/cnn_func.c'
'Invoking: MicroBlaze gcc compiler'
mb-gcc -Wall -O3 -c -fmessage-length=0 -I../../cnn_bsp/mcu/include -mno-xl-reorder -mlittle-endian -mcpu=v8.40.a -mxl-soft-mul -MMD -MP -MF"src/cnn_func.d" -MT"src/cnn_func.d" -o "src/cnn_func.o" "../src/cnn_func.c"
'Finished building: ../src/cnn_func.c'
' '
'Building target: mcu_project.elf'
'Invoking: MicroBlaze gcc linker'
mb-gcc -Wl,-T -Wl,../src/lscript.ld -L../../cnn_bsp/mcu/lib -mlittle-endian -mcpu=v8.40.a -mxl-soft-mul -o "mcu_project.elf"  ./src/cnn_algorithm.o ./src/cnn_func.o ./src/cnn_init.o ./src/main.o ./src/platform.o   -Wl,--start-group,-lxil,-lgcc,-lc,--end-group
'Finished building target: mcu_project.elf'
' '
'Invoking: MicroBlaze Print Size'
mb-size mcu_project.elf  |tee "mcu_project.elf.size"
   text	   data	    bss	    dec	    hex	filename
  12702	    380	   3124	  16206	   3f4e	mcu_project.elf
'Finished building: mcu_project.elf.size'
' '
'Invoking: Xilinx ELF Check'
elfcheck mcu_project.elf -hw ../../mcu_sw/system.xml -pe mcu  |tee "mcu_project.elf.elfcheck"
elfcheck
Xilinx EDK 14.5 Build EDK_P.58f
Copyright (c) 1995-2012 Xilinx, Inc.  All rights reserved.

Command Line: elfcheck -hw ../../mcu_sw/system.xml -pe mcu mcu_project.elf 

ELF file	: mcu_project.elf
elfcheck passed.
'Finished building: mcu_project.elf.elfcheck'
' '
12:20:39 **** Auto Build of configuration Release for project mcu_project ****
make all 
'Building file: ../src/cnn_init.c'
'Invoking: MicroBlaze gcc compiler'
mb-gcc -Wall -O3 -c -fmessage-length=0 -I../../cnn_bsp/mcu/include -mno-xl-reorder -mlittle-endian -mcpu=v8.40.a -mxl-soft-mul -MMD -MP -MF"src/cnn_init.d" -MT"src/cnn_init.d" -o "src/cnn_init.o" "../src/cnn_init.c"
'Finished building: ../src/cnn_init.c'
' '
'Building target: mcu_project.elf'
'Invoking: MicroBlaze gcc linker'
mb-gcc -Wl,-T -Wl,../src/lscript.ld -L../../cnn_bsp/mcu/lib -mlittle-endian -mcpu=v8.40.a -mxl-soft-mul -o "mcu_project.elf"  ./src/cnn_algorithm.o ./src/cnn_func.o ./src/cnn_init.o ./src/main.o ./src/platform.o   -Wl,--start-group,-lxil,-lgcc,-lc,--end-group
'Finished building target: mcu_project.elf'
' '
'Invoking: MicroBlaze Print Size'
mb-size mcu_project.elf  |tee "mcu_project.elf.size"
   text	   data	    bss	    dec	    hex	filename
  12702	    380	   3124	  16206	   3f4e	mcu_project.elf
'Finished building: mcu_project.elf.size'
' '
'Invoking: Xilinx ELF Check'
elfcheck mcu_project.elf -hw ../../mcu_sw/system.xml -pe mcu  |tee "mcu_project.elf.elfcheck"
elfcheck
Xilinx EDK 14.5 Build EDK_P.58f
Copyright (c) 1995-2012 Xilinx, Inc.  All rights reserved.

Command Line: elfcheck -hw ../../mcu_sw/system.xml -pe mcu mcu_project.elf 

ELF file	: mcu_project.elf
elfcheck passed.
'Finished building: mcu_project.elf.elfcheck'
' '
10:57:43 **** Auto Build of configuration Release for project mcu_project ****
make all 
make: `all' için hiçbir þey yapýlmadý.
