14:57:49 **** Build of configuration Release for project mcu_project ****
make -j8 all 
'Building file: ../src/sys/sys_func.c'
'Building file: ../src/sys/sys_init.c'
'Building file: ../src/cnn/cnn_algorithm.c'
'Building file: ../src/cnn/cnn_func.c'
'Building file: ../src/main.c'
'Invoking: MicroBlaze gcc compiler'
'Invoking: MicroBlaze gcc compiler'
'Invoking: MicroBlaze gcc compiler'
'Invoking: MicroBlaze gcc compiler'
mb-gcc -Wall -O0 -c -fmessage-length=0 -I../../cnn_bsp/mcu/include -mno-xl-reorder -mlittle-endian -mcpu=v8.40.a -mxl-soft-mul -MMD -MP -MF"src/sys/sys_func.d" -MT"src/sys/sys_func.d" -o "src/sys/sys_func.o" "../src/sys/sys_func.c"
'Invoking: MicroBlaze gcc compiler'
mb-gcc -Wall -O0 -c -fmessage-length=0 -I../../cnn_bsp/mcu/include -mno-xl-reorder -mlittle-endian -mcpu=v8.40.a -mxl-soft-mul -MMD -MP -MF"src/sys/sys_init.d" -MT"src/sys/sys_init.d" -o "src/sys/sys_init.o" "../src/sys/sys_init.c"
mb-gcc -Wall -O0 -c -fmessage-length=0 -I../../cnn_bsp/mcu/include -mno-xl-reorder -mlittle-endian -mcpu=v8.40.a -mxl-soft-mul -MMD -MP -MF"src/cnn/cnn_algorithm.d" -MT"src/cnn/cnn_algorithm.d" -o "src/cnn/cnn_algorithm.o" "../src/cnn/cnn_algorithm.c"
mb-gcc -Wall -O0 -c -fmessage-length=0 -I../../cnn_bsp/mcu/include -mno-xl-reorder -mlittle-endian -mcpu=v8.40.a -mxl-soft-mul -MMD -MP -MF"src/cnn/cnn_func.d" -MT"src/cnn/cnn_func.d" -o "src/cnn/cnn_func.o" "../src/cnn/cnn_func.c"
mb-gcc -Wall -O0 -c -fmessage-length=0 -I../../cnn_bsp/mcu/include -mno-xl-reorder -mlittle-endian -mcpu=v8.40.a -mxl-soft-mul -MMD -MP -MF"src/main.d" -MT"src/main.d" -o "src/main.o" "../src/main.c"
'Finished building: ../src/cnn/cnn_algorithm.c'
'Finished building: ../src/sys/sys_init.c'
'Finished building: ../src/main.c'
' '
' '
'Finished building: ../src/sys/sys_func.c'
'Finished building: ../src/cnn/cnn_func.c'
' '
' '
' '
'Building target: mcu_project.elf'
'Invoking: MicroBlaze gcc linker'
mb-gcc -Wl,-T -Wl,../src/lscript.ld -L../../cnn_bsp/mcu/lib -mlittle-endian -mcpu=v8.40.a -mxl-soft-mul -o "mcu_project.elf"  ./src/sys/sys_func.o ./src/sys/sys_init.o  ./src/cnn/cnn_algorithm.o ./src/cnn/cnn_func.o  ./src/main.o   -Wl,--start-group,-lxil,-lgcc,-lc,--end-group
'Finished building target: mcu_project.elf'
' '
'Invoking: MicroBlaze Print Size'
'Invoking: Xilinx ELF Check'
mb-size mcu_project.elf  |tee "mcu_project.elf.size"
elfcheck mcu_project.elf -hw ../../mcu_sw/system.xml -pe mcu  |tee "mcu_project.elf.elfcheck"
   text	   data	    bss	    dec	    hex	filename
  10922	    292	   2180	  13394	   3452	mcu_project.elf
'Finished building: mcu_project.elf.size'
' '
elfcheck
Xilinx EDK 14.5 Build EDK_P.58f
Copyright (c) 1995-2012 Xilinx, Inc.  All rights reserved.

Command Line: elfcheck -hw ../../mcu_sw/system.xml -pe mcu mcu_project.elf 

ELF file	: mcu_project.elf
elfcheck passed.
'Finished building: mcu_project.elf.elfcheck'
' '

14:57:51 Build Finished (took 1s.579ms)

