17:53:19 **** Auto Build of configuration Release for project mcu_project ****
make all 
'Building file: ../src/main.c'
'Invoking: MicroBlaze gcc compiler'
mb-gcc -Wall -O3 -c -fmessage-length=0 -I../../cnn_bsp/mcu/include -mno-xl-reorder -mlittle-endian -mcpu=v8.40.a -mxl-soft-mul -MMD -MP -MF"src/main.d" -MT"src/main.d" -o "src/main.o" "../src/main.c"
'Finished building: ../src/main.c'
' '
'Building target: mcu_project.elf'
'Invoking: MicroBlaze gcc linker'
mb-gcc -Wl,-T -Wl,../src/lscript.ld -L../../cnn_bsp/mcu/lib -mlittle-endian -mcpu=v8.40.a -mxl-soft-mul -o "mcu_project.elf"  ./src/main.o ./src/platform.o   -Wl,--start-group,-lxil,-lgcc,-lc,--end-group
'Finished building target: mcu_project.elf'
' '
'Invoking: MicroBlaze Print Size'
mb-size mcu_project.elf  |tee "mcu_project.elf.size"
   text	   data	    bss	    dec	    hex	filename
  11058	    364	   2100	  13522	   34d2	mcu_project.elf
'Finished building: mcu_project.elf.size'
' '
'Invoking: Xilinx ELF Check'
elfcheck mcu_project.elf -hw ../../mcu_sw/system.xml -pe mcu  |tee "mcu_project.elf.elfcheck"
elfcheck
Xilinx EDK 14.5 Build EDK_P.58f
Copyright (c) 1995-2012 Xilinx, Inc.  All rights reserved.

Command Line: elfcheck -hw ../../mcu_sw/system.xml -pe mcu mcu_project.elf 

ELF file	: mcu_project.elf
elfcheck passed.
'Finished building: mcu_project.elf.elfcheck'
' '

17:53:21 Build Finished (took 1s.631ms)

